Archive member included to satisfy reference by file (symbol)

/opt/ST/STM32CubeCLT_1.15.1/GNU-tools-for-STM32/bin/../lib/gcc/arm-none-eabi/12.3.1/../../../../arm-none-eabi/lib/thumb/v7e-m+fp/hard/libc_nano.a(libc_a-exit.o)
                              /opt/ST/STM32CubeCLT_1.15.1/GNU-tools-for-STM32/bin/../lib/gcc/arm-none-eabi/12.3.1/../../../../arm-none-eabi/lib/thumb/v7e-m+fp/hard/crt0.o (exit)
/opt/ST/STM32CubeCLT_1.15.1/GNU-tools-for-STM32/bin/../lib/gcc/arm-none-eabi/12.3.1/../../../../arm-none-eabi/lib/thumb/v7e-m+fp/hard/libc_nano.a(libc_a-findfp.o)
                              /opt/ST/STM32CubeCLT_1.15.1/GNU-tools-for-STM32/bin/../lib/gcc/arm-none-eabi/12.3.1/../../../../arm-none-eabi/lib/thumb/v7e-m+fp/hard/libc_nano.a(libc_a-exit.o) (__stdio_exit_handler)
/opt/ST/STM32CubeCLT_1.15.1/GNU-tools-for-STM32/bin/../lib/gcc/arm-none-eabi/12.3.1/../../../../arm-none-eabi/lib/thumb/v7e-m+fp/hard/libc_nano.a(libc_a-fwalk.o)
                              /opt/ST/STM32CubeCLT_1.15.1/GNU-tools-for-STM32/bin/../lib/gcc/arm-none-eabi/12.3.1/../../../../arm-none-eabi/lib/thumb/v7e-m+fp/hard/libc_nano.a(libc_a-findfp.o) (_fwalk_sglue)
/opt/ST/STM32CubeCLT_1.15.1/GNU-tools-for-STM32/bin/../lib/gcc/arm-none-eabi/12.3.1/../../../../arm-none-eabi/lib/thumb/v7e-m+fp/hard/libc_nano.a(libc_a-memset.o)
                              /opt/ST/STM32CubeCLT_1.15.1/GNU-tools-for-STM32/bin/../lib/gcc/arm-none-eabi/12.3.1/../../../../arm-none-eabi/lib/thumb/v7e-m+fp/hard/crt0.o (memset)
/opt/ST/STM32CubeCLT_1.15.1/GNU-tools-for-STM32/bin/../lib/gcc/arm-none-eabi/12.3.1/../../../../arm-none-eabi/lib/thumb/v7e-m+fp/hard/libc_nano.a(libc_a-impure.o)
                              /opt/ST/STM32CubeCLT_1.15.1/GNU-tools-for-STM32/bin/../lib/gcc/arm-none-eabi/12.3.1/../../../../arm-none-eabi/lib/thumb/v7e-m+fp/hard/libc_nano.a(libc_a-findfp.o) (_impure_data)
/opt/ST/STM32CubeCLT_1.15.1/GNU-tools-for-STM32/bin/../lib/gcc/arm-none-eabi/12.3.1/../../../../arm-none-eabi/lib/thumb/v7e-m+fp/hard/libc_nano.a(libc_a-init.o)
                              /opt/ST/STM32CubeCLT_1.15.1/GNU-tools-for-STM32/bin/../lib/gcc/arm-none-eabi/12.3.1/../../../../arm-none-eabi/lib/thumb/v7e-m+fp/hard/crt0.o (__libc_init_array)
/opt/ST/STM32CubeCLT_1.15.1/GNU-tools-for-STM32/bin/../lib/gcc/arm-none-eabi/12.3.1/../../../../arm-none-eabi/lib/thumb/v7e-m+fp/hard/libc_nano.a(libc_a-lock.o)
                              /opt/ST/STM32CubeCLT_1.15.1/GNU-tools-for-STM32/bin/../lib/gcc/arm-none-eabi/12.3.1/../../../../arm-none-eabi/lib/thumb/v7e-m+fp/hard/libc_nano.a(libc_a-findfp.o) (__retarget_lock_init_recursive)
/opt/ST/STM32CubeCLT_1.15.1/GNU-tools-for-STM32/bin/../lib/gcc/arm-none-eabi/12.3.1/../../../../arm-none-eabi/lib/thumb/v7e-m+fp/hard/libc_nano.a(libc_a-mallocr.o)
                              /opt/ST/STM32CubeCLT_1.15.1/GNU-tools-for-STM32/bin/../lib/gcc/arm-none-eabi/12.3.1/../../../../arm-none-eabi/lib/thumb/v7e-m+fp/hard/libc_nano.a(libc_a-findfp.o) (_malloc_r)
/opt/ST/STM32CubeCLT_1.15.1/GNU-tools-for-STM32/bin/../lib/gcc/arm-none-eabi/12.3.1/../../../../arm-none-eabi/lib/thumb/v7e-m+fp/hard/libc_nano.a(libc_a-fflush.o)
                              /opt/ST/STM32CubeCLT_1.15.1/GNU-tools-for-STM32/bin/../lib/gcc/arm-none-eabi/12.3.1/../../../../arm-none-eabi/lib/thumb/v7e-m+fp/hard/libc_nano.a(libc_a-findfp.o) (_fflush_r)
/opt/ST/STM32CubeCLT_1.15.1/GNU-tools-for-STM32/bin/../lib/gcc/arm-none-eabi/12.3.1/../../../../arm-none-eabi/lib/thumb/v7e-m+fp/hard/libc_nano.a(libc_a-mlock.o)
                              /opt/ST/STM32CubeCLT_1.15.1/GNU-tools-for-STM32/bin/../lib/gcc/arm-none-eabi/12.3.1/../../../../arm-none-eabi/lib/thumb/v7e-m+fp/hard/libc_nano.a(libc_a-mallocr.o) (__malloc_lock)
/opt/ST/STM32CubeCLT_1.15.1/GNU-tools-for-STM32/bin/../lib/gcc/arm-none-eabi/12.3.1/../../../../arm-none-eabi/lib/thumb/v7e-m+fp/hard/libc_nano.a(libc_a-stdio.o)
                              /opt/ST/STM32CubeCLT_1.15.1/GNU-tools-for-STM32/bin/../lib/gcc/arm-none-eabi/12.3.1/../../../../arm-none-eabi/lib/thumb/v7e-m+fp/hard/libc_nano.a(libc_a-findfp.o) (__sread)
/opt/ST/STM32CubeCLT_1.15.1/GNU-tools-for-STM32/bin/../lib/gcc/arm-none-eabi/12.3.1/../../../../arm-none-eabi/lib/thumb/v7e-m+fp/hard/libc_nano.a(libc_a-closer.o)
                              /opt/ST/STM32CubeCLT_1.15.1/GNU-tools-for-STM32/bin/../lib/gcc/arm-none-eabi/12.3.1/../../../../arm-none-eabi/lib/thumb/v7e-m+fp/hard/libc_nano.a(libc_a-stdio.o) (_close_r)
/opt/ST/STM32CubeCLT_1.15.1/GNU-tools-for-STM32/bin/../lib/gcc/arm-none-eabi/12.3.1/../../../../arm-none-eabi/lib/thumb/v7e-m+fp/hard/libc_nano.a(libc_a-reent.o)
                              /opt/ST/STM32CubeCLT_1.15.1/GNU-tools-for-STM32/bin/../lib/gcc/arm-none-eabi/12.3.1/../../../../arm-none-eabi/lib/thumb/v7e-m+fp/hard/libc_nano.a(libc_a-closer.o) (errno)
/opt/ST/STM32CubeCLT_1.15.1/GNU-tools-for-STM32/bin/../lib/gcc/arm-none-eabi/12.3.1/../../../../arm-none-eabi/lib/thumb/v7e-m+fp/hard/libc_nano.a(libc_a-lseekr.o)
[...]
Memory Configuration

Name             Origin             Length             Attributes
RAM              0x20000000         0x00020000         xrw
CCMRAM           0x10000000         0x00010000         xrw
FLASH            0x08000000         0x00100000         xr
*default*        0x00000000         0xffffffff

Linker script and memory map

LOAD /opt/ST/STM32CubeCLT_1.15.1/GNU-tools-for-STM32/bin/../lib/gcc/arm-none-eabi/12.3.1/thumb/v7e-m+fp/hard/crti.o
LOAD /opt/ST/STM32CubeCLT_1.15.1/GNU-tools-for-STM32/bin/../lib/gcc/arm-none-eabi/12.3.1/thumb/v7e-m+fp/hard/crtbegin.o
LOAD /opt/ST/STM32CubeCLT_1.15.1/GNU-tools-for-STM32/bin/../lib/gcc/arm-none-eabi/12.3.1/../../../../arm-none-eabi/lib/thumb/v7e-m+fp/hard/crt0.o
START GROUP
LOAD /opt/ST/STM32CubeCLT_1.15.1/GNU-tools-for-STM32/bin/../lib/gcc/arm-none-eabi/12.3.1/../../../../arm-none-eabi/lib/thumb/v7e-m+fp/hard/libc_nano.a
LOAD /opt/ST/STM32CubeCLT_1.15.1/GNU-tools-for-STM32/bin/../lib/gcc/arm-none-eabi/12.3.1/../../../../arm-none-eabi/lib/thumb/v7e-m+fp/hard/libm.a
END GROUP
LOAD CMakeFiles/PROTO-RF-FIRMWARE.dir/Core/Src/main.c.obj
LOAD CMakeFiles/PROTO-RF-FIRMWARE.dir/Core/Src/stm32f4xx_it.c.obj
LOAD CMakeFiles/PROTO-RF-FIRMWARE.dir/Core/Src/stm32f4xx_hal_msp.c.obj
LOAD CMakeFiles/PROTO-RF-FIRMWARE.dir/USB_DEVICE/App/usb_device.c.obj
LOAD CMakeFiles/PROTO-RF-FIRMWARE.dir/USB_DEVICE/App/usbd_desc.c.obj
LOAD CMakeFiles/PROTO-RF-FIRMWARE.dir/USB_DEVICE/App/usbd_cdc_if.c.obj
LOAD CMakeFiles/PROTO-RF-FIRMWARE.dir/USB_DEVICE/Target/usbd_conf.c.obj
LOAD CMakeFiles/PROTO-RF-FIRMWARE.dir/Drivers/STM32F4xx_HAL_Driver/Src/stm32f4xx_hal_pcd.c.obj
LOAD CMakeFiles/PROTO-RF-FIRMWARE.dir/Drivers/STM32F4xx_HAL_Driver/Src/stm32f4xx_hal_pcd_ex.c.obj
LOAD CMakeFiles/PROTO-RF-FIRMWARE.dir/Drivers/STM32F4xx_HAL_Driver/Src/stm32f4xx_ll_usb.c.obj
LOAD CMakeFiles/PROTO-RF-FIRMWARE.dir/Drivers/STM32F4xx_HAL_Driver/Src/stm32f4xx_hal_rcc.c.obj
LOAD CMakeFiles/PROTO-RF-FIRMWARE.dir/Drivers/STM32F4xx_HAL_Driver/Src/stm32f4xx_hal_rcc_ex.c.obj
LOAD CMakeFiles/PROTO-RF-FIRMWARE.dir/Drivers/STM32F4xx_HAL_Driver/Src/stm32f4xx_hal_flash.c.obj
LOAD CMakeFiles/PROTO-RF-FIRMWARE.dir/Drivers/STM32F4xx_HAL_Driver/Src/stm32f4xx_hal_flash_ex.c.obj
LOAD CMakeFiles/PROTO-RF-FIRMWARE.dir/Drivers/STM32F4xx_HAL_Driver/Src/stm32f4xx_hal_flash_ramfunc.c.obj
LOAD CMakeFiles/PROTO-RF-FIRMWARE.dir/Drivers/STM32F4xx_HAL_Driver/Src/stm32f4xx_hal_gpio.c.obj
LOAD CMakeFiles/PROTO-RF-FIRMWARE.dir/Drivers/STM32F4xx_HAL_Driver/Src/stm32f4xx_hal_dma_ex.c.obj
LOAD CMakeFiles/PROTO-RF-FIRMWARE.dir/Drivers/STM32F4xx_HAL_Driver/Src/stm32f4xx_hal_dma.c.obj
LOAD CMakeFiles/PROTO-RF-FIRMWARE.dir/Drivers/STM32F4xx_HAL_Driver/Src/stm32f4xx_hal_pwr.c.obj
LOAD CMakeFiles/PROTO-RF-FIRMWARE.dir/Drivers/STM32F4xx_HAL_Driver/Src/stm32f4xx_hal_pwr_ex.c.obj
LOAD CMakeFiles/PROTO-RF-FIRMWARE.dir/Drivers/STM32F4xx_HAL_Driver/Src/stm32f4xx_hal_cortex.c.obj
LOAD CMakeFiles/PROTO-RF-FIRMWARE.dir/Drivers/STM32F4xx_HAL_Driver/Src/stm32f4xx_hal.c.obj
LOAD CMakeFiles/PROTO-RF-FIRMWARE.dir/Drivers/STM32F4xx_HAL_Driver/Src/stm32f4xx_hal_exti.c.obj
LOAD CMakeFiles/PROTO-RF-FIRMWARE.dir/Drivers/STM32F4xx_HAL_Driver/Src/stm32f4xx_hal_i2c.c.obj
LOAD CMakeFiles/PROTO-RF-FIRMWARE.dir/Drivers/STM32F4xx_HAL_Driver/Src/stm32f4xx_hal_i2c_ex.c.obj
LOAD CMakeFiles/PROTO-RF-FIRMWARE.dir/Drivers/STM32F4xx_HAL_Driver/Src/stm32f4xx_hal_spi.c.obj
LOAD CMakeFiles/PROTO-RF-FIRMWARE.dir/Drivers/STM32F4xx_HAL_Driver/Src/stm32f4xx_hal_tim.c.obj
LOAD CMakeFiles/PROTO-RF-FIRMWARE.dir/Drivers/STM32F4xx_HAL_Driver/Src/stm32f4xx_hal_tim_ex.c.obj
LOAD CMakeFiles/PROTO-RF-FIRMWARE.dir/Core/Src/system_stm32f4xx.c.obj
LOAD CMakeFiles/PROTO-RF-FIRMWARE.dir/Middlewares/ST/STM32_USB_Device_Library/Core/Src/usbd_core.c.obj
LOAD CMakeFiles/PROTO-RF-FIRMWARE.dir/Middlewares/ST/STM32_USB_Device_Library/Core/Src/usbd_ctlreq.c.obj
LOAD CMakeFiles/PROTO-RF-FIRMWARE.dir/Middlewares/ST/STM32_USB_Device_Library/Core/Src/usbd_ioreq.c.obj
LOAD CMakeFiles/PROTO-RF-FIRMWARE.dir/Middlewares/ST/STM32_USB_Device_Library/Class/CDC/Src/usbd_cdc.c.obj
LOAD CMakeFiles/PROTO-RF-FIRMWARE.dir/Core/Src/sysmem.c.obj
LOAD CMakeFiles/PROTO-RF-FIRMWARE.dir/Core/Src/syscalls.c.obj
LOAD CMakeFiles/PROTO-RF-FIRMWARE.dir/startup_stm32f405xx.s.obj
START GROUP
LOAD /opt/ST/STM32CubeCLT_1.15.1/GNU-tools-for-STM32/bin/../lib/gcc/arm-none-eabi/12.3.1/thumb/v7e-m+fp/hard/libgcc.a
LOAD /opt/ST/STM32CubeCLT_1.15.1/GNU-tools-for-STM32/bin/../lib/gcc/arm-none-eabi/12.3.1/../../../../arm-none-eabi/lib/thumb/v7e-m+fp/hard/libg_nano.a
LOAD /opt/ST/STM32CubeCLT_1.15.1/GNU-tools-for-STM32/bin/../lib/gcc/arm-none-eabi/12.3.1/../../../../arm-none-eabi/lib/thumb/v7e-m+fp/hard/libc_nano.a
END GROUP
START GROUP
LOAD /opt/ST/STM32CubeCLT_1.15.1/GNU-tools-for-STM32/bin/../lib/gcc/arm-none-eabi/12.3.1/thumb/v7e-m+fp/hard/libgcc.a
LOAD /opt/ST/STM32CubeCLT_1.15.1/GNU-tools-for-STM32/bin/../lib/gcc/arm-none-eabi/12.3.1/../../../../arm-none-eabi/lib/thumb/v7e-m+fp/hard/libc_nano.a
END GROUP
LOAD /opt/ST/STM32CubeCLT_1.15.1/GNU-tools-for-STM32/bin/../lib/gcc/arm-none-eabi/12.3.1/thumb/v7e-m+fp/hard/crtend.o
LOAD /opt/ST/STM32CubeCLT_1.15.1/GNU-tools-for-STM32/bin/../lib/gcc/arm-none-eabi/12.3.1/thumb/v7e-m+fp/hard/crtn.o
                0x20020000                        _estack = (ORIGIN (RAM) + LENGTH (RAM))
                0x00000200                        _Min_Heap_Size = 0x200
                0x00000400                        _Min_Stack_Size = 0x400

.isr_vector     0x08000000      0x188
                0x08000000                        . = ALIGN (0x4)
 *(.isr_vector)
 .isr_vector    0x08000000      0x188 CMakeFiles/PROTO-RF-FIRMWARE.dir/startup_stm32f405xx.s.obj
                0x08000000                g_pfnVectors
                0x08000188                        . = ALIGN (0x4)

.text           0x08000190     0x8050
                0x08000190                        . = ALIGN (0x4)
 *(.text)
 .text          0x08000190       0x40 /opt/ST/STM32CubeCLT_1.15.1/GNU-tools-for-STM32/bin/../lib/gcc/arm-none-eabi/12.3.1/thumb/v7e-m+fp/hard/crtbegin.o
 .text          0x080001d0       0x30 /opt/ST/STM32CubeCLT_1.15.1/GNU-tools-for-STM32/bin/../lib/gcc/arm-none-eabi/12.3.1/thumb/v7e-m+fp/hard/libgcc.a(_aeabi_uldivmod.o)
                0x080001d0                __aeabi_uldivmod
 .text          0x08000200      0x2bc /opt/ST/STM32CubeCLT_1.15.1/GNU-tools-for-STM32/bin/../lib/gcc/arm-none-eabi/12.3.1/thumb/v7e-m+fp/hard/libgcc.a(_udivmoddi4.o)
                0x08000200                __udivmoddi4
 .text          0x080004bc        0x4 /opt/ST/STM32CubeCLT_1.15.1/GNU-tools-for-STM32/bin/../lib/gcc/arm-none-eabi/12.3.1/thumb/v7e-m+fp/hard/libgcc.a(_dvmd_tls.o)
                0x080004bc                __aeabi_ldiv0
                0x080004bc                __aeabi_idiv0
 .text          0x080004c0       0xa0 /opt/ST/STM32CubeCLT_1.15.1/GNU-tools-for-STM32/bin/../lib/gcc/arm-none-eabi/12.3.1/../../../../arm-none-eabi/lib/thumb/v7e-m+fp/hard/libg_nano.a(libc_a-memchr.o)
                0x080004c0                memchr
 *(.text*)
 .text.std      0x08000560       0x6c /opt/ST/STM32CubeCLT_1.15.1/GNU-tools-for-STM32/bin/../lib/gcc/arm-none-eabi/12.3.1/../../../../arm-none-eabi/lib/thumb/v7e-m+fp/hard/libc_nano.a(libc_a-findfp.o)
 .text.stdio_exit_handler
                0x080005cc       0x18 /opt/ST/STM32CubeCLT_1.15.1/GNU-tools-for-STM32/bin/../lib/gcc/arm-none-eabi/12.3.1/../../../../arm-none-eabi/lib/thumb/v7e-m+fp/hard/libc_nano.a(libc_a-findfp.o)
 .text.cleanup_stdio
                0x080005e4       0x40 /opt/ST/STM32CubeCLT_1.15.1/GNU-tools-for-STM32/bin/../lib/gcc/arm-none-eabi/12.3.1/../../../../arm-none-eabi/lib/thumb/v7e-m+fp/hard/libc_nano.a(libc_a-findfp.o)
 .text.global_stdio_init.part.0
                0x08000624       0x3c /opt/ST/STM32CubeCLT_1.15.1/GNU-tools-for-STM32/bin/../lib/gcc/arm-none-eabi/12.3.1/../../../../arm-none-eabi/lib/thumb/v7e-m+fp/hard/libc_nano.a(libc_a-findfp.o)
 .text.__sfp_lock_acquire
                0x08000660        0xc /opt/ST/STM32CubeCLT_1.15.1/GNU-tools-for-STM32/bin/../lib/gcc/arm-none-eabi/12.3.1/../../../../arm-none-eabi/lib/thumb/v7e-m+fp/hard/libc_nano.a(libc_a-findfp.o)
                0x08000660                __sfp_lock_acquire
 .text.__sfp_lock_release
                0x0800066c        0xc /opt/ST/STM32CubeCLT_1.15.1/GNU-tools-for-STM32/bin/../lib/gcc/arm-none-eabi/12.3.1/../../../../arm-none-eabi/lib/thumb/v7e-m+fp/hard/libc_nano.a(libc_a-findfp.o)
                0x0800066c                __sfp_lock_release
 .text.__sinit  0x08000678       0x30 /opt/ST/STM32CubeCLT_1.15.1/GNU-tools-for-STM32/bin/../lib/gcc/arm-none-eabi/12.3.1/../../../../arm-none-eabi/lib/thumb/v7e-m+fp/hard/libc_nano.a(libc_a-findfp.o)
                0x08000678                __sinit
 .text._fwalk_sglue
                0x080006a8       0x3c /opt/ST/STM32CubeCLT_1.15.1/GNU-tools-for-STM32/bin/../lib/gcc/arm-none-eabi/12.3.1/../../../../arm-none-eabi/lib/thumb/v7e-m+fp/hard/libc_nano.a(libc_a-fwalk.o)
                0x080006a8                _fwalk_sglue
 .text.memset   0x080006e4       0x10 /opt/ST/STM32CubeCLT_1.15.1/GNU-tools-for-STM32/bin/../lib/gcc/arm-none-eabi/12.3.1/../../../../arm-none-eabi/lib/thumb/v7e-m+fp/hard/libc_nano.a(libc_a-memset.o)
                0x080006e4                memset
 .text.__libc_init_array
                0x080006f4       0x48 /opt/ST/STM32CubeCLT_1.15.1/GNU-tools-for-STM32/bin/../lib/gcc/arm-none-eabi/12.3.1/../../../../arm-none-eabi/lib/thumb/v7e-m+fp/hard/libc_nano.a(libc_a-init.o)
                0x080006f4                __libc_init_array
 .text.__retarget_lock_init_recursive
                0x0800073c        0x2 /opt/ST/STM32CubeCLT_1.15.1/GNU-tools-for-STM32/bin/../lib/gcc/arm-none-eabi/12.3.1/../../../../arm-none-eabi/lib/thumb/v7e-m+fp/hard/libc_nano.a(libc_a-lock.o)
                0x0800073c                __retarget_lock_init_recursive
 .text.__retarget_lock_acquire_recursive
                0x0800073e        0x2 /opt/ST/STM32CubeCLT_1.15.1/GNU-tools-for-STM32/bin/../lib/gcc/arm-none-eabi/12.3.1/../../../../arm-none-eabi/lib/thumb/v7e-m+fp/hard/libc_nano.a(libc_a-lock.o)
                0x0800073e                __retarget_lock_acquire_recursive
 .text.__retarget_lock_release_recursive
                0x08000740        0x2 /opt/ST/STM32CubeCLT_1.15.1/GNU-tools-for-STM32/bin/../lib/gcc/arm-none-eabi/12.3.1/../../../../arm-none-eabi/lib/thumb/v7e-m+fp/hard/libc_nano.a(libc_a-lock.o)
                0x08000740                __retarget_lock_release_recursive
 *fill*         0x08000742        0x2 
 .text.sbrk_aligned
                0x08000744       0x44 /opt/ST/STM32CubeCLT_1.15.1/GNU-tools-for-STM32/bin/../lib/gcc/arm-none-eabi/12.3.1/../../../../arm-none-eabi/lib/thumb/v7e-m+fp/hard/libc_nano.a(libc_a-mallocr.o)
 .text._malloc_r
                0x08000788      0x100 /opt/ST/STM32CubeCLT_1.15.1/GNU-tools-for-STM32/bin/../lib/gcc/arm-none-eabi/12.3.1/../../../../arm-none-eabi/lib/thumb/v7e-m+fp/hard/libc_nano.a(libc_a-mallocr.o)
                0x08000788                _malloc_r
 .text.__sflush_r
                0x08000888      0x108 /opt/ST/STM32CubeCLT_1.15.1/GNU-tools-for-STM32/bin/../lib/gcc/arm-none-eabi/12.3.1/../../../../arm-none-eabi/lib/thumb/v7e-m+fp/hard/libc_nano.a(libc_a-fflush.o)
                0x08000888                __sflush_r
 .text._fflush_r
                0x08000990       0x50 /opt/ST/STM32CubeCLT_1.15.1/GNU-tools-for-STM32/bin/../lib/gcc/arm-none-eabi/12.3.1/../../../../arm-none-eabi/lib/thumb/v7e-m+fp/hard/libc_nano.a(libc_a-fflush.o)
                0x08000990                _fflush_r
 .text.fflush   0x080009e0       0x28 /opt/ST/STM32CubeCLT_1.15.1/GNU-tools-for-STM32/bin/../lib/gcc/arm-none-eabi/12.3.1/../../../../arm-none-eabi/lib/thumb/v7e-m+fp/hard/libc_nano.a(libc_a-fflush.o)
                0x080009e0                fflush
 .text.__malloc_lock
                0x08000a08        0xc /opt/ST/STM32CubeCLT_1.15.1/GNU-tools-for-STM32/bin/../lib/gcc/arm-none-eabi/12.3.1/../../../../arm-none-eabi/lib/thumb/v7e-m+fp/hard/libc_nano.a(libc_a-mlock.o)
                0x08000a08                __malloc_lock
 .text.__malloc_unlock
                0x08000a14        0xc /opt/ST/STM32CubeCLT_1.15.1/GNU-tools-for-STM32/bin/../lib/gcc/arm-none-eabi/12.3.1/../../../../arm-none-eabi/lib/thumb/v7e-m+fp/hard/libc_nano.a(libc_a-mlock.o)
                0x08000a14                __malloc_unlock
 .text.__sread  0x08000a20       0x22 /opt/ST/STM32CubeCLT_1.15.1/GNU-tools-for-STM32/bin/../lib/gcc/arm-none-eabi/12.3.1/../../../../arm-none-eabi/lib/thumb/v7e-m+fp/hard/libc_nano.a(libc_a-stdio.o)
                0x08000a20                __sread
 .text.__swrite
                0x08000a42       0x38 /opt/ST/STM32CubeCLT_1.15.1/GNU-tools-for-STM32/bin/../lib/gcc/arm-none-eabi/12.3.1/../../../../arm-none-eabi/lib/thumb/v7e-m+fp/hard/libc_nano.a(libc_a-stdio.o)
                0x08000a42                __swrite
 .text.__sseek  0x08000a7a       0x24 /opt/ST/STM32CubeCLT_1.15.1/GNU-tools-for-STM32/bin/../lib/gcc/arm-none-eabi/12.3.1/../../../../arm-none-eabi/lib/thumb/v7e-m+fp/hard/libc_nano.a(libc_a-stdio.o)
                0x08000a7a                __sseek
 .text.__sclose
                0x08000a9e        0x8 /opt/ST/STM32CubeCLT_1.15.1/GNU-tools-for-STM32/bin/../lib/gcc/arm-none-eabi/12.3.1/../../../../arm-none-eabi/lib/thumb/v7e-m+fp/hard/libc_nano.a(libc_a-stdio.o)
                0x08000a9e                __sclose
 *fill*         0x08000aa6        0x2 
 .text._close_r
                0x08000aa8       0x20 /opt/ST/STM32CubeCLT_1.15.1/GNU-tools-for-STM32/bin/../lib/gcc/arm-none-eabi/12.3.1/../../../../arm-none-eabi/lib/thumb/v7e-m+fp/hard/libc_nano.a(libc_a-closer.o)
                0x08000aa8                _close_r
 .text._lseek_r
                0x08000ac8       0x24 /opt/ST/STM32CubeCLT_1.15.1/GNU-tools-for-STM32/bin/../lib/gcc/arm-none-eabi/12.3.1/../../../../arm-none-eabi/lib/thumb/v7e-m+fp/hard/libc_nano.a(libc_a-lseekr.o)
                0x08000ac8                _lseek_r
 .text._read_r  0x08000aec       0x24 /opt/ST/STM32CubeCLT_1.15.1/GNU-tools-for-STM32/bin/../lib/gcc/arm-none-eabi/12.3.1/../../../../arm-none-eabi/lib/thumb/v7e-m+fp/hard/libc_nano.a(libc_a-readr.o)
                0x08000aec                _read_r
 .text._sbrk_r  0x08000b10       0x20 /opt/ST/STM32CubeCLT_1.15.1/GNU-tools-for-STM32/bin/../lib/gcc/arm-none-eabi/12.3.1/../../../../arm-none-eabi/lib/thumb/v7e-m+fp/hard/libc_nano.a(libc_a-sbrkr.o)
                0x08000b10                _sbrk_r
 .text._write_r
                0x08000b30       0x24 /opt/ST/STM32CubeCLT_1.15.1/GNU-tools-for-STM32/bin/../lib/gcc/arm-none-eabi/12.3.1/../../../../arm-none-eabi/lib/thumb/v7e-m+fp/hard/libc_nano.a(libc_a-writer.o)
                0x08000b30                _write_r
 .text._free_r  0x08000b54       0x94 /opt/ST/STM32CubeCLT_1.15.1/GNU-tools-for-STM32/bin/../lib/gcc/arm-none-eabi/12.3.1/../../../../arm-none-eabi/lib/thumb/v7e-m+fp/hard/libc_nano.a(libc_a-freer.o)
                0x08000b54                _free_r
 .text.main     0x08000be8       0x50 CMakeFiles/PROTO-RF-FIRMWARE.dir/Core/Src/main.c.obj
                0x08000be8                main
 .text.SystemClock_Config
                0x08000c38       0xd8 CMakeFiles/PROTO-RF-FIRMWARE.dir/Core/Src/main.c.obj
                0x08000c38                SystemClock_Config
 .text.MX_I2C3_Init
                0x08000d10       0x5c CMakeFiles/PROTO-RF-FIRMWARE.dir/Core/Src/main.c.obj
 .text.MX_SPI1_Init
                0x08000d6c       0x6c CMakeFiles/PROTO-RF-FIRMWARE.dir/Core/Src/main.c.obj
 .text.MX_GPIO_Init
                0x08000dd8       0x88 CMakeFiles/PROTO-RF-FIRMWARE.dir/Core/Src/main.c.obj
 .text.Error_Handler
                0x08000e60        0xc CMakeFiles/PROTO-RF-FIRMWARE.dir/Core/Src/main.c.obj
                0x08000e60                Error_Handler
 .text.NMI_Handler
                0x08000e6c        0x8 CMakeFiles/PROTO-RF-FIRMWARE.dir/Core/Src/stm32f4xx_it.c.obj
                0x08000e6c                NMI_Handler
 .text.HardFault_Handler
                0x08000e74        0x8 CMakeFiles/PROTO-RF-FIRMWARE.dir/Core/Src/stm32f4xx_it.c.obj
                0x08000e74                HardFault_Handler
 .text.MemManage_Handler
                0x08000e7c        0x8 CMakeFiles/PROTO-RF-FIRMWARE.dir/Core/Src/stm32f4xx_it.c.obj
                0x08000e7c                MemManage_Handler
 .text.BusFault_Handler
                0x08000e84        0x8 CMakeFiles/PROTO-RF-FIRMWARE.dir/Core/Src/stm32f4xx_it.c.obj
                0x08000e84                BusFault_Handler
 .text.UsageFault_Handler
                0x08000e8c        0x8 CMakeFiles/PROTO-RF-FIRMWARE.dir/Core/Src/stm32f4xx_it.c.obj
                0x08000e8c                UsageFault_Handler
 .text.SVC_Handler
                0x08000e94        0xe CMakeFiles/PROTO-RF-FIRMWARE.dir/Core/Src/stm32f4xx_it.c.obj
                0x08000e94                SVC_Handler
 .text.DebugMon_Handler
                0x08000ea2        0xe CMakeFiles/PROTO-RF-FIRMWARE.dir/Core/Src/stm32f4xx_it.c.obj
                0x08000ea2                DebugMon_Handler
 .text.PendSV_Handler
                0x08000eb0        0xe CMakeFiles/PROTO-RF-FIRMWARE.dir/Core/Src/stm32f4xx_it.c.obj
                0x08000eb0                PendSV_Handler
 .text.SysTick_Handler
                0x08000ebe        0xc CMakeFiles/PROTO-RF-FIRMWARE.dir/Core/Src/stm32f4xx_it.c.obj
                0x08000ebe                SysTick_Handler
 *fill*         0x08000eca        0x2 
 .text.OTG_FS_IRQHandler
                0x08000ecc       0x14 CMakeFiles/PROTO-RF-FIRMWARE.dir/Core/Src/stm32f4xx_it.c.obj
                0x08000ecc                OTG_FS_IRQHandler
 .text.HAL_MspInit
                0x08000ee0       0x50 CMakeFiles/PROTO-RF-FIRMWARE.dir/Core/Src/stm32f4xx_hal_msp.c.obj
                0x08000ee0                HAL_MspInit
 .text.HAL_I2C_MspInit
                0x08000f30       0xd4 CMakeFiles/PROTO-RF-FIRMWARE.dir/Core/Src/stm32f4xx_hal_msp.c.obj
                0x08000f30                HAL_I2C_MspInit
 .text.HAL_SPI_MspInit
                0x08001004       0x90 CMakeFiles/PROTO-RF-FIRMWARE.dir/Core/Src/stm32f4xx_hal_msp.c.obj
                0x08001004                HAL_SPI_MspInit
 .text.MX_USB_DEVICE_Init
                0x08001094       0x60 CMakeFiles/PROTO-RF-FIRMWARE.dir/USB_DEVICE/App/usb_device.c.obj
                0x08001094                MX_USB_DEVICE_Init
 .text.USBD_FS_DeviceDescriptor
                0x080010f4       0x24 CMakeFiles/PROTO-RF-FIRMWARE.dir/USB_DEVICE/App/usbd_desc.c.obj
                0x080010f4                USBD_FS_DeviceDescriptor
 .text.USBD_FS_LangIDStrDescriptor
                0x08001118       0x24 CMakeFiles/PROTO-RF-FIRMWARE.dir/USB_DEVICE/App/usbd_desc.c.obj
                0x08001118                USBD_FS_LangIDStrDescriptor
 .text.USBD_FS_ProductStrDescriptor
                0x0800113c       0x3c CMakeFiles/PROTO-RF-FIRMWARE.dir/USB_DEVICE/App/usbd_desc.c.obj
                0x0800113c                USBD_FS_ProductStrDescriptor
 .text.USBD_FS_ManufacturerStrDescriptor
                0x08001178       0x28 CMakeFiles/PROTO-RF-FIRMWARE.dir/USB_DEVICE/App/usbd_desc.c.obj
                0x08001178                USBD_FS_ManufacturerStrDescriptor
 .text.USBD_FS_SerialStrDescriptor
                0x080011a0       0x24 CMakeFiles/PROTO-RF-FIRMWARE.dir/USB_DEVICE/App/usbd_desc.c.obj
                0x080011a0                USBD_FS_SerialStrDescriptor
 .text.USBD_FS_ConfigStrDescriptor
                0x080011c4       0x3c CMakeFiles/PROTO-RF-FIRMWARE.dir/USB_DEVICE/App/usbd_desc.c.obj
                0x080011c4                USBD_FS_ConfigStrDescriptor
 .text.USBD_FS_InterfaceStrDescriptor
                0x08001200       0x3c CMakeFiles/PROTO-RF-FIRMWARE.dir/USB_DEVICE/App/usbd_desc.c.obj
                0x08001200                USBD_FS_InterfaceStrDescriptor
 .text.Get_SerialNum
                0x0800123c       0x58 CMakeFiles/PROTO-RF-FIRMWARE.dir/USB_DEVICE/App/usbd_desc.c.obj
 .text.IntToUnicode
                0x08001294       0x7e CMakeFiles/PROTO-RF-FIRMWARE.dir/USB_DEVICE/App/usbd_desc.c.obj
 *fill*         0x08001312        0x2 
 .text.CDC_Init_FS
                0x08001314       0x28 CMakeFiles/PROTO-RF-FIRMWARE.dir/USB_DEVICE/App/usbd_cdc_if.c.obj
 .text.CDC_DeInit_FS
                0x0800133c       0x10 CMakeFiles/PROTO-RF-FIRMWARE.dir/USB_DEVICE/App/usbd_cdc_if.c.obj
 .text.CDC_Control_FS
                0x0800134c       0xbc CMakeFiles/PROTO-RF-FIRMWARE.dir/USB_DEVICE/App/usbd_cdc_if.c.obj
 .text.CDC_Receive_FS
                0x08001408       0x28 CMakeFiles/PROTO-RF-FIRMWARE.dir/USB_DEVICE/App/usbd_cdc_if.c.obj
 .text.CDC_TransmitCplt_FS
                0x08001430       0x22 CMakeFiles/PROTO-RF-FIRMWARE.dir/USB_DEVICE/App/usbd_cdc_if.c.obj
 *fill*         0x08001452        0x2 
 .text.HAL_PCD_MspInit
                0x08001454       0xa8 CMakeFiles/PROTO-RF-FIRMWARE.dir/USB_DEVICE/Target/usbd_conf.c.obj
                0x08001454                HAL_PCD_MspInit
 .text.HAL_PCD_SetupStageCallback
                0x080014fc       0x24 CMakeFiles/PROTO-RF-FIRMWARE.dir/USB_DEVICE/Target/usbd_conf.c.obj
                0x080014fc                HAL_PCD_SetupStageCallback
 .text.HAL_PCD_DataOutStageCallback
                0x08001520       0x36 CMakeFiles/PROTO-RF-FIRMWARE.dir/USB_DEVICE/Target/usbd_conf.c.obj
                0x08001520                HAL_PCD_DataOutStageCallback
 .text.HAL_PCD_DataInStageCallback
                0x08001556       0x34 CMakeFiles/PROTO-RF-FIRMWARE.dir/USB_DEVICE/Target/usbd_conf.c.obj
                0x08001556                HAL_PCD_DataInStageCallback
 .text.HAL_PCD_SOFCallback
                0x0800158a       0x1c CMakeFiles/PROTO-RF-FIRMWARE.dir/USB_DEVICE/Target/usbd_conf.c.obj
                0x0800158a                HAL_PCD_SOFCallback
 .text.HAL_PCD_ResetCallback
                0x080015a6       0x50 CMakeFiles/PROTO-RF-FIRMWARE.dir/USB_DEVICE/Target/usbd_conf.c.obj
                0x080015a6                HAL_PCD_ResetCallback
 *fill*         0x080015f6        0x2 
 .text.HAL_PCD_SuspendCallback
                0x080015f8       0x4c CMakeFiles/PROTO-RF-FIRMWARE.dir/USB_DEVICE/Target/usbd_conf.c.obj
                0x080015f8                HAL_PCD_SuspendCallback
 .text.HAL_PCD_ResumeCallback
                0x08001644       0x1c CMakeFiles/PROTO-RF-FIRMWARE.dir/USB_DEVICE/Target/usbd_conf.c.obj
                0x08001644                HAL_PCD_ResumeCallback
 .text.HAL_PCD_ISOOUTIncompleteCallback
                0x08001660       0x24 CMakeFiles/PROTO-RF-FIRMWARE.dir/USB_DEVICE/Target/usbd_conf.c.obj
                0x08001660                HAL_PCD_ISOOUTIncompleteCallback
 .text.HAL_PCD_ISOINIncompleteCallback
                0x08001684       0x24 CMakeFiles/PROTO-RF-FIRMWARE.dir/USB_DEVICE/Target/usbd_conf.c.obj
                0x08001684                HAL_PCD_ISOINIncompleteCallback
 .text.HAL_PCD_ConnectCallback
                0x080016a8       0x1c CMakeFiles/PROTO-RF-FIRMWARE.dir/USB_DEVICE/Target/usbd_conf.c.obj
                0x080016a8                HAL_PCD_ConnectCallback
 .text.HAL_PCD_DisconnectCallback
                0x080016c4       0x1c CMakeFiles/PROTO-RF-FIRMWARE.dir/USB_DEVICE/Target/usbd_conf.c.obj
                0x080016c4                HAL_PCD_DisconnectCallback
 .text.USBD_LL_Init
                0x080016e0       0x98 CMakeFiles/PROTO-RF-FIRMWARE.dir/USB_DEVICE/Target/usbd_conf.c.obj
                0x080016e0                USBD_LL_Init
 .text.USBD_LL_Start
                0x08001778       0x36 CMakeFiles/PROTO-RF-FIRMWARE.dir/USB_DEVICE/Target/usbd_conf.c.obj
                0x08001778                USBD_LL_Start
 .text.USBD_LL_OpenEP
                0x080017ae       0x4c CMakeFiles/PROTO-RF-FIRMWARE.dir/USB_DEVICE/Target/usbd_conf.c.obj
                0x080017ae                USBD_LL_OpenEP
 .text.USBD_LL_CloseEP
                0x080017fa       0x3e CMakeFiles/PROTO-RF-FIRMWARE.dir/USB_DEVICE/Target/usbd_conf.c.obj
                0x080017fa                USBD_LL_CloseEP
 .text.USBD_LL_StallEP
                0x08001838       0x3e CMakeFiles/PROTO-RF-FIRMWARE.dir/USB_DEVICE/Target/usbd_conf.c.obj
                0x08001838                USBD_LL_StallEP
 .text.USBD_LL_ClearStallEP
                0x08001876       0x3e CMakeFiles/PROTO-RF-FIRMWARE.dir/USB_DEVICE/Target/usbd_conf.c.obj
                0x08001876                USBD_LL_ClearStallEP
 .text.USBD_LL_IsStallEP
                0x080018b4       0x58 CMakeFiles/PROTO-RF-FIRMWARE.dir/USB_DEVICE/Target/usbd_conf.c.obj
                0x080018b4                USBD_LL_IsStallEP
 .text.USBD_LL_SetUSBAddress
                0x0800190c       0x3e CMakeFiles/PROTO-RF-FIRMWARE.dir/USB_DEVICE/Target/usbd_conf.c.obj
                0x0800190c                USBD_LL_SetUSBAddress
 .text.USBD_LL_Transmit
                0x0800194a       0x42 CMakeFiles/PROTO-RF-FIRMWARE.dir/USB_DEVICE/Target/usbd_conf.c.obj
                0x0800194a                USBD_LL_Transmit
 .text.USBD_LL_PrepareReceive
                0x0800198c       0x42 CMakeFiles/PROTO-RF-FIRMWARE.dir/USB_DEVICE/Target/usbd_conf.c.obj
                0x0800198c                USBD_LL_PrepareReceive
 .text.USBD_LL_GetRxDataSize
                0x080019ce       0x26 CMakeFiles/PROTO-RF-FIRMWARE.dir/USB_DEVICE/Target/usbd_conf.c.obj
                0x080019ce                USBD_LL_GetRxDataSize
 .text.USBD_static_malloc
                0x080019f4       0x1c CMakeFiles/PROTO-RF-FIRMWARE.dir/USB_DEVICE/Target/usbd_conf.c.obj
                0x080019f4                USBD_static_malloc
 .text.USBD_static_free
                0x08001a10       0x14 CMakeFiles/PROTO-RF-FIRMWARE.dir/USB_DEVICE/Target/usbd_conf.c.obj
                0x08001a10                USBD_static_free
 .text.USBD_Get_USB_Status
                0x08001a24       0x58 CMakeFiles/PROTO-RF-FIRMWARE.dir/USB_DEVICE/Target/usbd_conf.c.obj
                0x08001a24                USBD_Get_USB_Status
 .text.HAL_PCD_Init
                0x08001a7c      0x21e CMakeFiles/PROTO-RF-FIRMWARE.dir/Drivers/STM32F4xx_HAL_Driver/Src/stm32f4xx_hal_pcd.c.obj
                0x08001a7c                HAL_PCD_Init
 .text.HAL_PCD_Start
                0x08001c9a       0x6a CMakeFiles/PROTO-RF-FIRMWARE.dir/Drivers/STM32F4xx_HAL_Driver/Src/stm32f4xx_hal_pcd.c.obj
                0x08001c9a                HAL_PCD_Start
 .text.HAL_PCD_IRQHandler
                0x08001d04      0x942 CMakeFiles/PROTO-RF-FIRMWARE.dir/Drivers/STM32F4xx_HAL_Driver/Src/stm32f4xx_hal_pcd.c.obj
                0x08001d04                HAL_PCD_IRQHandler
 .text.HAL_PCD_SetAddress
                0x08002646       0x48 CMakeFiles/PROTO-RF-FIRMWARE.dir/Drivers/STM32F4xx_HAL_Driver/Src/stm32f4xx_hal_pcd.c.obj
                0x08002646                HAL_PCD_SetAddress
 .text.HAL_PCD_EP_Open
                0x0800268e       0xd0 CMakeFiles/PROTO-RF-FIRMWARE.dir/Drivers/STM32F4xx_HAL_Driver/Src/stm32f4xx_hal_pcd.c.obj
                0x0800268e                HAL_PCD_EP_Open
 .text.HAL_PCD_EP_Close
                0x0800275e       0x94 CMakeFiles/PROTO-RF-FIRMWARE.dir/Drivers/STM32F4xx_HAL_Driver/Src/stm32f4xx_hal_pcd.c.obj
                0x0800275e                HAL_PCD_EP_Close
 .text.HAL_PCD_EP_Receive
                0x080027f2       0x76 CMakeFiles/PROTO-RF-FIRMWARE.dir/Drivers/STM32F4xx_HAL_Driver/Src/stm32f4xx_hal_pcd.c.obj
                0x080027f2                HAL_PCD_EP_Receive
 .text.HAL_PCD_EP_GetRxCount
                0x08002868       0x30 CMakeFiles/PROTO-RF-FIRMWARE.dir/Drivers/STM32F4xx_HAL_Driver/Src/stm32f4xx_hal_pcd.c.obj
                0x08002868                HAL_PCD_EP_GetRxCount
 .text.HAL_PCD_EP_Transmit
                0x08002898       0x74 CMakeFiles/PROTO-RF-FIRMWARE.dir/Drivers/STM32F4xx_HAL_Driver/Src/stm32f4xx_hal_pcd.c.obj
                0x08002898                HAL_PCD_EP_Transmit
 .text.HAL_PCD_EP_SetStall
                0x0800290c       0xc6 CMakeFiles/PROTO-RF-FIRMWARE.dir/Drivers/STM32F4xx_HAL_Driver/Src/stm32f4xx_hal_pcd.c.obj
                0x0800290c                HAL_PCD_EP_SetStall
 .text.HAL_PCD_EP_ClrStall
                0x080029d2       0xac CMakeFiles/PROTO-RF-FIRMWARE.dir/Drivers/STM32F4xx_HAL_Driver/Src/stm32f4xx_hal_pcd.c.obj
                0x080029d2                HAL_PCD_EP_ClrStall
 .text.HAL_PCD_EP_Abort
                0x08002a7e       0x62 CMakeFiles/PROTO-RF-FIRMWARE.dir/Drivers/STM32F4xx_HAL_Driver/Src/stm32f4xx_hal_pcd.c.obj
                0x08002a7e                HAL_PCD_EP_Abort
 .text.PCD_WriteEmptyTxFifo
                0x08002ae0      0x118 CMakeFiles/PROTO-RF-FIRMWARE.dir/Drivers/STM32F4xx_HAL_Driver/Src/stm32f4xx_hal_pcd.c.obj
 .text.PCD_EP_OutXfrComplete_int
                0x08002bf8      0x1d0 CMakeFiles/PROTO-RF-FIRMWARE.dir/Drivers/STM32F4xx_HAL_Driver/Src/stm32f4xx_hal_pcd.c.obj
 .text.PCD_EP_OutSetupPacket_int
                0x08002dc8       0x8c CMakeFiles/PROTO-RF-FIRMWARE.dir/Drivers/STM32F4xx_HAL_Driver/Src/stm32f4xx_hal_pcd.c.obj
 .text.HAL_PCDEx_SetTxFiFo
                0x08002e54       0x8e CMakeFiles/PROTO-RF-FIRMWARE.dir/Drivers/STM32F4xx_HAL_Driver/Src/stm32f4xx_hal_pcd_ex.c.obj
                0x08002e54                HAL_PCDEx_SetTxFiFo
 .text.HAL_PCDEx_SetRxFiFo
                0x08002ee2       0x22 CMakeFiles/PROTO-RF-FIRMWARE.dir/Drivers/STM32F4xx_HAL_Driver/Src/stm32f4xx_hal_pcd_ex.c.obj
                0x08002ee2                HAL_PCDEx_SetRxFiFo
 .text.HAL_PCDEx_LPM_Callback
                0x08002f04       0x18 CMakeFiles/PROTO-RF-FIRMWARE.dir/Drivers/STM32F4xx_HAL_Driver/Src/stm32f4xx_hal_pcd_ex.c.obj
                0x08002f04                HAL_PCDEx_LPM_Callback
 .text.USB_CoreInit
                0x08002f1c       0xc8 CMakeFiles/PROTO-RF-FIRMWARE.dir/Drivers/STM32F4xx_HAL_Driver/Src/stm32f4xx_ll_usb.c.obj
                0x08002f1c                USB_CoreInit
 .text.USB_SetTurnaroundTime
                0x08002fe4      0x144 CMakeFiles/PROTO-RF-FIRMWARE.dir/Drivers/STM32F4xx_HAL_Driver/Src/stm32f4xx_ll_usb.c.obj
                0x08002fe4                USB_SetTurnaroundTime
 .text.USB_EnableGlobalInt
                0x08003128       0x22 CMakeFiles/PROTO-RF-FIRMWARE.dir/Drivers/STM32F4xx_HAL_Driver/Src/stm32f4xx_ll_usb.c.obj
                0x08003128                USB_EnableGlobalInt
 .text.USB_DisableGlobalInt
                0x0800314a       0x22 CMakeFiles/PROTO-RF-FIRMWARE.dir/Drivers/STM32F4xx_HAL_Driver/Src/stm32f4xx_ll_usb.c.obj
                0x0800314a                USB_DisableGlobalInt
 .text.USB_SetCurrentMode
                0x0800316c       0x98 CMakeFiles/PROTO-RF-FIRMWARE.dir/Drivers/STM32F4xx_HAL_Driver/Src/stm32f4xx_ll_usb.c.obj
                0x0800316c                USB_SetCurrentMode
 .text.USB_DevInit
                0x08003204      0x2c8 CMakeFiles/PROTO-RF-FIRMWARE.dir/Drivers/STM32F4xx_HAL_Driver/Src/stm32f4xx_ll_usb.c.obj
                0x08003204                USB_DevInit
 .text.USB_FlushTxFifo
                0x080034cc       0x64 CMakeFiles/PROTO-RF-FIRMWARE.dir/Drivers/STM32F4xx_HAL_Driver/Src/stm32f4xx_ll_usb.c.obj
                0x080034cc                USB_FlushTxFifo
 .text.USB_FlushRxFifo
                0x08003530       0x5c CMakeFiles/PROTO-RF-FIRMWARE.dir/Drivers/STM32F4xx_HAL_Driver/Src/stm32f4xx_ll_usb.c.obj
                0x08003530                USB_FlushRxFifo
 .text.USB_SetDevSpeed
                0x0800358c       0x32 CMakeFiles/PROTO-RF-FIRMWARE.dir/Drivers/STM32F4xx_HAL_Driver/Src/stm32f4xx_ll_usb.c.obj
                0x0800358c                USB_SetDevSpeed
 .text.USB_GetDevSpeed
                0x080035be       0x4a CMakeFiles/PROTO-RF-FIRMWARE.dir/Drivers/STM32F4xx_HAL_Driver/Src/stm32f4xx_ll_usb.c.obj
                0x080035be                USB_GetDevSpeed
 .text.USB_ActivateEndpoint
                0x08003608      0x10e CMakeFiles/PROTO-RF-FIRMWARE.dir/Drivers/STM32F4xx_HAL_Driver/Src/stm32f4xx_ll_usb.c.obj
                0x08003608                USB_ActivateEndpoint
 *fill*         0x08003716        0x2 
 .text.USB_DeactivateEndpoint
                0x08003718      0x1b8 CMakeFiles/PROTO-RF-FIRMWARE.dir/Drivers/STM32F4xx_HAL_Driver/Src/stm32f4xx_ll_usb.c.obj
                0x08003718                USB_DeactivateEndpoint
 .text.USB_EPStartXfer
                0x080038d0      0x530 CMakeFiles/PROTO-RF-FIRMWARE.dir/Drivers/STM32F4xx_HAL_Driver/Src/stm32f4xx_ll_usb.c.obj
                0x080038d0                USB_EPStartXfer
 .text.USB_EPStopXfer
                0x08003e00      0x154 CMakeFiles/PROTO-RF-FIRMWARE.dir/Drivers/STM32F4xx_HAL_Driver/Src/stm32f4xx_ll_usb.c.obj
                0x08003e00                USB_EPStopXfer
 .text.USB_WritePacket
                0x08003f54       0x7c CMakeFiles/PROTO-RF-FIRMWARE.dir/Drivers/STM32F4xx_HAL_Driver/Src/stm32f4xx_ll_usb.c.obj
                0x08003f54                USB_WritePacket
 .text.USB_ReadPacket
                0x08003fd0       0xb0 CMakeFiles/PROTO-RF-FIRMWARE.dir/Drivers/STM32F4xx_HAL_Driver/Src/stm32f4xx_ll_usb.c.obj
                0x08003fd0                USB_ReadPacket
 .text.USB_EPSetStall
                0x08004080       0xdc CMakeFiles/PROTO-RF-FIRMWARE.dir/Drivers/STM32F4xx_HAL_Driver/Src/stm32f4xx_ll_usb.c.obj
                0x08004080                USB_EPSetStall
 .text.USB_EPClearStall
                0x0800415c       0xcc CMakeFiles/PROTO-RF-FIRMWARE.dir/Drivers/STM32F4xx_HAL_Driver/Src/stm32f4xx_ll_usb.c.obj
                0x0800415c                USB_EPClearStall
 .text.USB_SetDevAddress
                0x08004228       0x4c CMakeFiles/PROTO-RF-FIRMWARE.dir/Drivers/STM32F4xx_HAL_Driver/Src/stm32f4xx_ll_usb.c.obj
                0x08004228                USB_SetDevAddress
 .text.USB_DevConnect
                0x08004274       0x42 CMakeFiles/PROTO-RF-FIRMWARE.dir/Drivers/STM32F4xx_HAL_Driver/Src/stm32f4xx_ll_usb.c.obj
                0x08004274                USB_DevConnect
 .text.USB_DevDisconnect
                0x080042b6       0x42 CMakeFiles/PROTO-RF-FIRMWARE.dir/Drivers/STM32F4xx_HAL_Driver/Src/stm32f4xx_ll_usb.c.obj
                0x080042b6                USB_DevDisconnect
 .text.USB_ReadInterrupts
                0x080042f8       0x26 CMakeFiles/PROTO-RF-FIRMWARE.dir/Drivers/STM32F4xx_HAL_Driver/Src/stm32f4xx_ll_usb.c.obj
                0x080042f8                USB_ReadInterrupts
 .text.USB_ReadDevAllOutEpInterrupt
                0x0800431e       0x34 CMakeFiles/PROTO-RF-FIRMWARE.dir/Drivers/STM32F4xx_HAL_Driver/Src/stm32f4xx_ll_usb.c.obj
                0x0800431e                USB_ReadDevAllOutEpInterrupt
 .text.USB_ReadDevAllInEpInterrupt
                0x08004352       0x34 CMakeFiles/PROTO-RF-FIRMWARE.dir/Drivers/STM32F4xx_HAL_Driver/Src/stm32f4xx_ll_usb.c.obj
                0x08004352                USB_ReadDevAllInEpInterrupt
 .text.USB_ReadDevOutEPInterrupt
                0x08004386       0x3c CMakeFiles/PROTO-RF-FIRMWARE.dir/Drivers/STM32F4xx_HAL_Driver/Src/stm32f4xx_ll_usb.c.obj
                0x08004386                USB_ReadDevOutEPInterrupt
 .text.USB_ReadDevInEPInterrupt
                0x080043c2       0x5c CMakeFiles/PROTO-RF-FIRMWARE.dir/Drivers/STM32F4xx_HAL_Driver/Src/stm32f4xx_ll_usb.c.obj
                0x080043c2                USB_ReadDevInEPInterrupt
 .text.USB_GetMode
                0x0800441e       0x1c CMakeFiles/PROTO-RF-FIRMWARE.dir/Drivers/STM32F4xx_HAL_Driver/Src/stm32f4xx_ll_usb.c.obj
                0x0800441e                USB_GetMode
 .text.USB_ActivateSetup
                0x0800443a       0x46 CMakeFiles/PROTO-RF-FIRMWARE.dir/Drivers/STM32F4xx_HAL_Driver/Src/stm32f4xx_ll_usb.c.obj
                0x0800443a                USB_ActivateSetup
 .text.USB_EP0_OutStart
                0x08004480       0xbc CMakeFiles/PROTO-RF-FIRMWARE.dir/Drivers/STM32F4xx_HAL_Driver/Src/stm32f4xx_ll_usb.c.obj
                0x08004480                USB_EP0_OutStart
 .text.USB_CoreReset
                0x0800453c       0x62 CMakeFiles/PROTO-RF-FIRMWARE.dir/Drivers/STM32F4xx_HAL_Driver/Src/stm32f4xx_ll_usb.c.obj
 *fill*         0x0800459e        0x2 
 .text.HAL_RCC_OscConfig
                0x080045a0      0x4f0 CMakeFiles/PROTO-RF-FIRMWARE.dir/Drivers/STM32F4xx_HAL_Driver/Src/stm32f4xx_hal_rcc.c.obj
                0x080045a0                HAL_RCC_OscConfig
 .text.HAL_RCC_ClockConfig
                0x08004a90      0x1cc CMakeFiles/PROTO-RF-FIRMWARE.dir/Drivers/STM32F4xx_HAL_Driver/Src/stm32f4xx_hal_rcc.c.obj
                0x08004a90                HAL_RCC_ClockConfig
 .text.HAL_RCC_GetSysClockFreq
                0x08004c5c      0x208 CMakeFiles/PROTO-RF-FIRMWARE.dir/Drivers/STM32F4xx_HAL_Driver/Src/stm32f4xx_hal_rcc.c.obj
                0x08004c5c                HAL_RCC_GetSysClockFreq
 .text.HAL_RCC_GetHCLKFreq
                0x08004e64       0x18 CMakeFiles/PROTO-RF-FIRMWARE.dir/Drivers/STM32F4xx_HAL_Driver/Src/stm32f4xx_hal_rcc.c.obj
                0x08004e64                HAL_RCC_GetHCLKFreq
 .text.HAL_RCC_GetPCLK1Freq
                0x08004e7c       0x28 CMakeFiles/PROTO-RF-FIRMWARE.dir/Drivers/STM32F4xx_HAL_Driver/Src/stm32f4xx_hal_rcc.c.obj
                0x08004e7c                HAL_RCC_GetPCLK1Freq
 .text.HAL_GPIO_Init
                0x08004ea4      0x338 CMakeFiles/PROTO-RF-FIRMWARE.dir/Drivers/STM32F4xx_HAL_Driver/Src/stm32f4xx_hal_gpio.c.obj
                0x08004ea4                HAL_GPIO_Init
 .text.HAL_GPIO_TogglePin
                0x080051dc       0x34 CMakeFiles/PROTO-RF-FIRMWARE.dir/Drivers/STM32F4xx_HAL_Driver/Src/stm32f4xx_hal_gpio.c.obj
                0x080051dc                HAL_GPIO_TogglePin
 .text.__NVIC_SetPriorityGrouping
                0x08005210       0x48 CMakeFiles/PROTO-RF-FIRMWARE.dir/Drivers/STM32F4xx_HAL_Driver/Src/stm32f4xx_hal_cortex.c.obj
 .text.__NVIC_GetPriorityGrouping
                0x08005258       0x1c CMakeFiles/PROTO-RF-FIRMWARE.dir/Drivers/STM32F4xx_HAL_Driver/Src/stm32f4xx_hal_cortex.c.obj
 .text.__NVIC_EnableIRQ
                0x08005274       0x3c CMakeFiles/PROTO-RF-FIRMWARE.dir/Drivers/STM32F4xx_HAL_Driver/Src/stm32f4xx_hal_cortex.c.obj
 .text.__NVIC_SetPriority
                0x080052b0       0x54 CMakeFiles/PROTO-RF-FIRMWARE.dir/Drivers/STM32F4xx_HAL_Driver/Src/stm32f4xx_hal_cortex.c.obj
 .text.NVIC_EncodePriority
                0x08005304       0x66 CMakeFiles/PROTO-RF-FIRMWARE.dir/Drivers/STM32F4xx_HAL_Driver/Src/stm32f4xx_hal_cortex.c.obj
 *fill*         0x0800536a        0x2 
 .text.SysTick_Config
                0x0800536c       0x44 CMakeFiles/PROTO-RF-FIRMWARE.dir/Drivers/STM32F4xx_HAL_Driver/Src/stm32f4xx_hal_cortex.c.obj
 .text.HAL_NVIC_SetPriorityGrouping
                0x080053b0       0x16 CMakeFiles/PROTO-RF-FIRMWARE.dir/Drivers/STM32F4xx_HAL_Driver/Src/stm32f4xx_hal_cortex.c.obj
                0x080053b0                HAL_NVIC_SetPriorityGrouping
 .text.HAL_NVIC_SetPriority
                0x080053c6       0x38 CMakeFiles/PROTO-RF-FIRMWARE.dir/Drivers/STM32F4xx_HAL_Driver/Src/stm32f4xx_hal_cortex.c.obj
                0x080053c6                HAL_NVIC_SetPriority
 .text.HAL_NVIC_EnableIRQ
                0x080053fe       0x1c CMakeFiles/PROTO-RF-FIRMWARE.dir/Drivers/STM32F4xx_HAL_Driver/Src/stm32f4xx_hal_cortex.c.obj
                0x080053fe                HAL_NVIC_EnableIRQ
 .text.HAL_SYSTICK_Config
                0x0800541a       0x18 CMakeFiles/PROTO-RF-FIRMWARE.dir/Drivers/STM32F4xx_HAL_Driver/Src/stm32f4xx_hal_cortex.c.obj
                0x0800541a                HAL_SYSTICK_Config
 *fill*         0x08005432        0x2 
 .text.HAL_Init
                0x08005434       0x44 CMakeFiles/PROTO-RF-FIRMWARE.dir/Drivers/STM32F4xx_HAL_Driver/Src/stm32f4xx_hal.c.obj
                0x08005434                HAL_Init
 .text.HAL_InitTick
                0x08005478       0x60 CMakeFiles/PROTO-RF-FIRMWARE.dir/Drivers/STM32F4xx_HAL_Driver/Src/stm32f4xx_hal.c.obj
                0x08005478                HAL_InitTick
 .text.HAL_IncTick
                0x080054d8       0x28 CMakeFiles/PROTO-RF-FIRMWARE.dir/Drivers/STM32F4xx_HAL_Driver/Src/stm32f4xx_hal.c.obj
                0x080054d8                HAL_IncTick
 .text.HAL_GetTick
                0x08005500       0x18 CMakeFiles/PROTO-RF-FIRMWARE.dir/Drivers/STM32F4xx_HAL_Driver/Src/stm32f4xx_hal.c.obj
                0x08005500                HAL_GetTick
 .text.HAL_Delay
                0x08005518       0x48 CMakeFiles/PROTO-RF-FIRMWARE.dir/Drivers/STM32F4xx_HAL_Driver/Src/stm32f4xx_hal.c.obj
                0x08005518                HAL_Delay
 .text.HAL_I2C_Init
                0x08005560      0x288 CMakeFiles/PROTO-RF-FIRMWARE.dir/Drivers/STM32F4xx_HAL_Driver/Src/stm32f4xx_hal_i2c.c.obj
                0x08005560                HAL_I2C_Init
 .text.HAL_SPI_Init
                0x080057e8      0x112 CMakeFiles/PROTO-RF-FIRMWARE.dir/Drivers/STM32F4xx_HAL_Driver/Src/stm32f4xx_hal_spi.c.obj
                0x080057e8                HAL_SPI_Init
 *fill*         0x080058fa        0x2 
 .text.SystemInit
                0x080058fc       0x24 CMakeFiles/PROTO-RF-FIRMWARE.dir/Core/Src/system_stm32f4xx.c.obj
                0x080058fc                SystemInit
 .text.USBD_Init
                0x08005920       0x60 CMakeFiles/PROTO-RF-FIRMWARE.dir/Middlewares/ST/STM32_USB_Device_Library/Core/Src/usbd_core.c.obj
                0x08005920                USBD_Init
 .text.USBD_RegisterClass
                0x08005980       0x6c CMakeFiles/PROTO-RF-FIRMWARE.dir/Middlewares/ST/STM32_USB_Device_Library/Core/Src/usbd_core.c.obj
                0x08005980                USBD_RegisterClass
 .text.USBD_Start
                0x080059ec       0x18 CMakeFiles/PROTO-RF-FIRMWARE.dir/Middlewares/ST/STM32_USB_Device_Library/Core/Src/usbd_core.c.obj
                0x080059ec                USBD_Start
 .text.USBD_RunTestMode
                0x08005a04       0x16 CMakeFiles/PROTO-RF-FIRMWARE.dir/Middlewares/ST/STM32_USB_Device_Library/Core/Src/usbd_core.c.obj
                0x08005a04                USBD_RunTestMode
 .text.USBD_SetClassConfig
                0x08005a1a       0x38 CMakeFiles/PROTO-RF-FIRMWARE.dir/Middlewares/ST/STM32_USB_Device_Library/Core/Src/usbd_core.c.obj
                0x08005a1a                USBD_SetClassConfig
 .text.USBD_ClrClassConfig
                0x08005a52       0x34 CMakeFiles/PROTO-RF-FIRMWARE.dir/Middlewares/ST/STM32_USB_Device_Library/Core/Src/usbd_core.c.obj
                0x08005a52                USBD_ClrClassConfig
 .text.USBD_LL_SetupStage
                0x08005a86       0xaa CMakeFiles/PROTO-RF-FIRMWARE.dir/Middlewares/ST/STM32_USB_Device_Library/Core/Src/usbd_core.c.obj
                0x08005a86                USBD_LL_SetupStage
 .text.USBD_LL_DataOutStage
                0x08005b30      0x166 CMakeFiles/PROTO-RF-FIRMWARE.dir/Middlewares/ST/STM32_USB_Device_Library/Core/Src/usbd_core.c.obj
                0x08005b30                USBD_LL_DataOutStage
 .text.USBD_LL_DataInStage
                0x08005c96      0x164 CMakeFiles/PROTO-RF-FIRMWARE.dir/Middlewares/ST/STM32_USB_Device_Library/Core/Src/usbd_core.c.obj
                0x08005c96                USBD_LL_DataInStage
 .text.USBD_LL_Reset
                0x08005dfa       0xa4 CMakeFiles/PROTO-RF-FIRMWARE.dir/Middlewares/ST/STM32_USB_Device_Library/Core/Src/usbd_core.c.obj
                0x08005dfa                USBD_LL_Reset
 .text.USBD_LL_SetSpeed
                0x08005e9e       0x20 CMakeFiles/PROTO-RF-FIRMWARE.dir/Middlewares/ST/STM32_USB_Device_Library/Core/Src/usbd_core.c.obj
                0x08005e9e                USBD_LL_SetSpeed
 .text.USBD_LL_Suspend
                0x08005ebe       0x38 CMakeFiles/PROTO-RF-FIRMWARE.dir/Middlewares/ST/STM32_USB_Device_Library/Core/Src/usbd_core.c.obj
                0x08005ebe                USBD_LL_Suspend
 .text.USBD_LL_Resume
                0x08005ef6       0x30 CMakeFiles/PROTO-RF-FIRMWARE.dir/Middlewares/ST/STM32_USB_Device_Library/Core/Src/usbd_core.c.obj
                0x08005ef6                USBD_LL_Resume
 .text.USBD_LL_SOF
                0x08005f26       0x40 CMakeFiles/PROTO-RF-FIRMWARE.dir/Middlewares/ST/STM32_USB_Device_Library/Core/Src/usbd_core.c.obj
                0x08005f26                USBD_LL_SOF
 .text.USBD_LL_IsoINIncomplete
                0x08005f66       0x64 CMakeFiles/PROTO-RF-FIRMWARE.dir/Middlewares/ST/STM32_USB_Device_Library/Core/Src/usbd_core.c.obj
                0x08005f66                USBD_LL_IsoINIncomplete
 .text.USBD_LL_IsoOUTIncomplete
                0x08005fca       0x64 CMakeFiles/PROTO-RF-FIRMWARE.dir/Middlewares/ST/STM32_USB_Device_Library/Core/Src/usbd_core.c.obj
                0x08005fca                USBD_LL_IsoOUTIncomplete
 .text.USBD_LL_DevConnected
                0x0800602e       0x16 CMakeFiles/PROTO-RF-FIRMWARE.dir/Middlewares/ST/STM32_USB_Device_Library/Core/Src/usbd_core.c.obj
                0x0800602e                USBD_LL_DevConnected
 .text.USBD_LL_DevDisconnected
                0x08006044       0x46 CMakeFiles/PROTO-RF-FIRMWARE.dir/Middlewares/ST/STM32_USB_Device_Library/Core/Src/usbd_core.c.obj
                0x08006044                USBD_LL_DevDisconnected
 .text.USBD_CoreFindIF
                0x0800608a       0x1a CMakeFiles/PROTO-RF-FIRMWARE.dir/Middlewares/ST/STM32_USB_Device_Library/Core/Src/usbd_core.c.obj
                0x0800608a                USBD_CoreFindIF
 .text.USBD_CoreFindEP
                0x080060a4       0x1a CMakeFiles/PROTO-RF-FIRMWARE.dir/Middlewares/ST/STM32_USB_Device_Library/Core/Src/usbd_core.c.obj
                0x080060a4                USBD_CoreFindEP
 .text.USBD_GetEpDesc
                0x080060be       0x70 CMakeFiles/PROTO-RF-FIRMWARE.dir/Middlewares/ST/STM32_USB_Device_Library/Core/Src/usbd_core.c.obj
                0x080060be                USBD_GetEpDesc
 .text.USBD_GetNextDesc
                0x0800612e       0x38 CMakeFiles/PROTO-RF-FIRMWARE.dir/Middlewares/ST/STM32_USB_Device_Library/Core/Src/usbd_core.c.obj
                0x0800612e                USBD_GetNextDesc
 .text.SWAPBYTE
                0x08006166       0x3c CMakeFiles/PROTO-RF-FIRMWARE.dir/Middlewares/ST/STM32_USB_Device_Library/Core/Src/usbd_ctlreq.c.obj
 *fill*         0x080061a2        0x2 
 .text.USBD_StdDevReq
                0x080061a4       0xe4 CMakeFiles/PROTO-RF-FIRMWARE.dir/Middlewares/ST/STM32_USB_Device_Library/Core/Src/usbd_ctlreq.c.obj
                0x080061a4                USBD_StdDevReq
 .text.USBD_StdItfReq
                0x08006288       0xd8 CMakeFiles/PROTO-RF-FIRMWARE.dir/Middlewares/ST/STM32_USB_Device_Library/Core/Src/usbd_ctlreq.c.obj
                0x08006288                USBD_StdItfReq
 .text.USBD_StdEPReq
                0x08006360      0x33a CMakeFiles/PROTO-RF-FIRMWARE.dir/Middlewares/ST/STM32_USB_Device_Library/Core/Src/usbd_ctlreq.c.obj
                0x08006360                USBD_StdEPReq
 *fill*         0x0800669a        0x2 
 .text.USBD_GetDescriptor
                0x0800669c      0x2d4 CMakeFiles/PROTO-RF-FIRMWARE.dir/Middlewares/ST/STM32_USB_Device_Library/Core/Src/usbd_ctlreq.c.obj
 .text.USBD_SetAddress
                0x08006970       0x88 CMakeFiles/PROTO-RF-FIRMWARE.dir/Middlewares/ST/STM32_USB_Device_Library/Core/Src/usbd_ctlreq.c.obj
 .text.USBD_SetConfig
                0x080069f8      0x154 CMakeFiles/PROTO-RF-FIRMWARE.dir/Middlewares/ST/STM32_USB_Device_Library/Core/Src/usbd_ctlreq.c.obj
 .text.USBD_GetConfig
                0x08006b4c       0x6c CMakeFiles/PROTO-RF-FIRMWARE.dir/Middlewares/ST/STM32_USB_Device_Library/Core/Src/usbd_ctlreq.c.obj
 .text.USBD_GetStatus
                0x08006bb8       0x68 CMakeFiles/PROTO-RF-FIRMWARE.dir/Middlewares/ST/STM32_USB_Device_Library/Core/Src/usbd_ctlreq.c.obj
 .text.USBD_SetFeature
                0x08006c20       0x52 CMakeFiles/PROTO-RF-FIRMWARE.dir/Middlewares/ST/STM32_USB_Device_Library/Core/Src/usbd_ctlreq.c.obj
 .text.USBD_ClrFeature
                0x08006c72       0x44 CMakeFiles/PROTO-RF-FIRMWARE.dir/Middlewares/ST/STM32_USB_Device_Library/Core/Src/usbd_ctlreq.c.obj
 .text.USBD_ParseSetupRequest
                0x08006cb6       0x74 CMakeFiles/PROTO-RF-FIRMWARE.dir/Middlewares/ST/STM32_USB_Device_Library/Core/Src/usbd_ctlreq.c.obj
                0x08006cb6                USBD_ParseSetupRequest
 .text.USBD_CtlError
                0x08006d2a       0x22 CMakeFiles/PROTO-RF-FIRMWARE.dir/Middlewares/ST/STM32_USB_Device_Library/Core/Src/usbd_ctlreq.c.obj
                0x08006d2a                USBD_CtlError
 .text.USBD_GetString
                0x08006d4c       0x8c CMakeFiles/PROTO-RF-FIRMWARE.dir/Middlewares/ST/STM32_USB_Device_Library/Core/Src/usbd_ctlreq.c.obj
                0x08006d4c                USBD_GetString
 .text.USBD_GetLen
                0x08006dd8       0x34 CMakeFiles/PROTO-RF-FIRMWARE.dir/Middlewares/ST/STM32_USB_Device_Library/Core/Src/usbd_ctlreq.c.obj
 .text.USBD_CtlSendData
                0x08006e0c       0x36 CMakeFiles/PROTO-RF-FIRMWARE.dir/Middlewares/ST/STM32_USB_Device_Library/Core/Src/usbd_ioreq.c.obj
                0x08006e0c                USBD_CtlSendData
 .text.USBD_CtlContinueSendData
                0x08006e42       0x22 CMakeFiles/PROTO-RF-FIRMWARE.dir/Middlewares/ST/STM32_USB_Device_Library/Core/Src/usbd_ioreq.c.obj
                0x08006e42                USBD_CtlContinueSendData
 .text.USBD_CtlPrepareRx
                0x08006e64       0x3a CMakeFiles/PROTO-RF-FIRMWARE.dir/Middlewares/ST/STM32_USB_Device_Library/Core/Src/usbd_ioreq.c.obj
                0x08006e64                USBD_CtlPrepareRx
 .text.USBD_CtlContinueRx
                0x08006e9e       0x22 CMakeFiles/PROTO-RF-FIRMWARE.dir/Middlewares/ST/STM32_USB_Device_Library/Core/Src/usbd_ioreq.c.obj
                0x08006e9e                USBD_CtlContinueRx
 .text.USBD_CtlSendStatus
                0x08006ec0       0x26 CMakeFiles/PROTO-RF-FIRMWARE.dir/Middlewares/ST/STM32_USB_Device_Library/Core/Src/usbd_ioreq.c.obj
                0x08006ec0                USBD_CtlSendStatus
 .text.USBD_CtlReceiveStatus
                0x08006ee6       0x26 CMakeFiles/PROTO-RF-FIRMWARE.dir/Middlewares/ST/STM32_USB_Device_Library/Core/Src/usbd_ioreq.c.obj
                0x08006ee6                USBD_CtlReceiveStatus
 .text.USBD_CDC_Init
                0x08006f0c      0x1f0 CMakeFiles/PROTO-RF-FIRMWARE.dir/Middlewares/ST/STM32_USB_Device_Library/Class/CDC/Src/usbd_cdc.c.obj
 .text.USBD_CDC_DeInit
                0x080070fc      0x104 CMakeFiles/PROTO-RF-FIRMWARE.dir/Middlewares/ST/STM32_USB_Device_Library/Class/CDC/Src/usbd_cdc.c.obj
 .text.USBD_CDC_Setup
                0x08007200      0x1b8 CMakeFiles/PROTO-RF-FIRMWARE.dir/Middlewares/ST/STM32_USB_Device_Library/Class/CDC/Src/usbd_cdc.c.obj
 .text.USBD_CDC_DataIn
                0x080073b8       0xfe CMakeFiles/PROTO-RF-FIRMWARE.dir/Middlewares/ST/STM32_USB_Device_Library/Class/CDC/Src/usbd_cdc.c.obj
 .text.USBD_CDC_DataOut
                0x080074b6       0x70 CMakeFiles/PROTO-RF-FIRMWARE.dir/Middlewares/ST/STM32_USB_Device_Library/Class/CDC/Src/usbd_cdc.c.obj
 .text.USBD_CDC_EP0_RxReady
                0x08007526       0x74 CMakeFiles/PROTO-RF-FIRMWARE.dir/Middlewares/ST/STM32_USB_Device_Library/Class/CDC/Src/usbd_cdc.c.obj
 *fill*         0x0800759a        0x2 
 .text.USBD_CDC_GetFSCfgDesc
                0x0800759c       0x70 CMakeFiles/PROTO-RF-FIRMWARE.dir/Middlewares/ST/STM32_USB_Device_Library/Class/CDC/Src/usbd_cdc.c.obj
 .text.USBD_CDC_GetHSCfgDesc
                0x0800760c       0x70 CMakeFiles/PROTO-RF-FIRMWARE.dir/Middlewares/ST/STM32_USB_Device_Library/Class/CDC/Src/usbd_cdc.c.obj
 .text.USBD_CDC_GetOtherSpeedCfgDesc
                0x0800767c       0x70 CMakeFiles/PROTO-RF-FIRMWARE.dir/Middlewares/ST/STM32_USB_Device_Library/Class/CDC/Src/usbd_cdc.c.obj
 .text.USBD_CDC_GetDeviceQualifierDescriptor
                0x080076ec       0x20 CMakeFiles/PROTO-RF-FIRMWARE.dir/Middlewares/ST/STM32_USB_Device_Library/Class/CDC/Src/usbd_cdc.c.obj
                0x080076ec                USBD_CDC_GetDeviceQualifierDescriptor
 .text.USBD_CDC_RegisterInterface
                0x0800770c       0x34 CMakeFiles/PROTO-RF-FIRMWARE.dir/Middlewares/ST/STM32_USB_Device_Library/Class/CDC/Src/usbd_cdc.c.obj
                0x0800770c                USBD_CDC_RegisterInterface
 .text.USBD_CDC_SetTxBuffer
                0x08007740       0x44 CMakeFiles/PROTO-RF-FIRMWARE.dir/Middlewares/ST/STM32_USB_Device_Library/Class/CDC/Src/usbd_cdc.c.obj
                0x08007740                USBD_CDC_SetTxBuffer
 .text.USBD_CDC_SetRxBuffer
                0x08007784       0x3a CMakeFiles/PROTO-RF-FIRMWARE.dir/Middlewares/ST/STM32_USB_Device_Library/Class/CDC/Src/usbd_cdc.c.obj
                0x08007784                USBD_CDC_SetRxBuffer
 *fill*         0x080077be        0x2 
 .text.USBD_CDC_ReceivePacket
                0x080077c0       0x6c CMakeFiles/PROTO-RF-FIRMWARE.dir/Middlewares/ST/STM32_USB_Device_Library/Class/CDC/Src/usbd_cdc.c.obj
                0x080077c0                USBD_CDC_ReceivePacket
 .text._sbrk    0x0800782c       0x6c CMakeFiles/PROTO-RF-FIRMWARE.dir/Core/Src/sysmem.c.obj
                0x0800782c                _sbrk
 .text._read    0x08007898       0x3a CMakeFiles/PROTO-RF-FIRMWARE.dir/Core/Src/syscalls.c.obj
                0x08007898                _read
 .text._write   0x080078d2       0x38 CMakeFiles/PROTO-RF-FIRMWARE.dir/Core/Src/syscalls.c.obj
                0x080078d2                _write
 .text._close   0x0800790a       0x18 CMakeFiles/PROTO-RF-FIRMWARE.dir/Core/Src/syscalls.c.obj
                0x0800790a                _close
 .text._fstat   0x08007922       0x20 CMakeFiles/PROTO-RF-FIRMWARE.dir/Core/Src/syscalls.c.obj
                0x08007922                _fstat
 .text._isatty  0x08007942       0x16 CMakeFiles/PROTO-RF-FIRMWARE.dir/Core/Src/syscalls.c.obj
                0x08007942                _isatty
 .text._lseek   0x08007958       0x1a CMakeFiles/PROTO-RF-FIRMWARE.dir/Core/Src/syscalls.c.obj
                0x08007958                _lseek
 *fill*         0x08007972        0x2 
 .text.Reset_Handler
                0x08007974       0x50 CMakeFiles/PROTO-RF-FIRMWARE.dir/startup_stm32f405xx.s.obj
                0x08007974                Reset_Handler
 .text.Default_Handler
                0x080079c4        0x2 CMakeFiles/PROTO-RF-FIRMWARE.dir/startup_stm32f405xx.s.obj
                0x080079c4                DMA1_Stream3_IRQHandler
                0x080079c4                HASH_RNG_IRQHandler
                0x080079c4                EXTI2_IRQHandler
                0x080079c4                TIM8_CC_IRQHandler
                0x080079c4                TIM1_CC_IRQHandler
                0x080079c4                DMA2_Stream5_IRQHandler
                0x080079c4                DMA1_Stream5_IRQHandler
                0x080079c4                PVD_IRQHandler
                0x080079c4                SDIO_IRQHandler
                0x080079c4                TAMP_STAMP_IRQHandler
                0x080079c4                CAN2_RX1_IRQHandler
                0x080079c4                EXTI3_IRQHandler
                0x080079c4                TIM8_TRG_COM_TIM14_IRQHandler
                0x080079c4                TIM1_UP_TIM10_IRQHandler
                0x080079c4                TIM8_UP_TIM13_IRQHandler
                0x080079c4                I2C3_ER_IRQHandler
                0x080079c4                EXTI0_IRQHandler
                0x080079c4                I2C2_EV_IRQHandler
                0x080079c4                DMA1_Stream2_IRQHandler
                0x080079c4                CAN1_RX0_IRQHandler
                0x080079c4                FPU_IRQHandler
                0x080079c4                OTG_HS_WKUP_IRQHandler
                0x080079c4                CAN2_SCE_IRQHandler
                0x080079c4                DMA2_Stream2_IRQHandler
                0x080079c4                SPI1_IRQHandler
                0x080079c4                TIM6_DAC_IRQHandler
                0x080079c4                TIM1_BRK_TIM9_IRQHandler
                0x080079c4                CAN2_RX0_IRQHandler
                0x080079c4                DMA2_Stream3_IRQHandler
                0x080079c4                USART6_IRQHandler
                0x080079c4                USART3_IRQHandler
                0x080079c4                CAN1_RX1_IRQHandler
                0x080079c4                UART5_IRQHandler
                0x080079c4                DMA2_Stream0_IRQHandler
                0x080079c4                TIM4_IRQHandler
                0x080079c4                I2C1_EV_IRQHandler
                0x080079c4                DMA1_Stream6_IRQHandler
                0x080079c4                DMA1_Stream1_IRQHandler
                0x080079c4                UART4_IRQHandler
                0x080079c4                TIM3_IRQHandler
                0x080079c4                RCC_IRQHandler
                0x080079c4                TIM8_BRK_TIM12_IRQHandler
                0x080079c4                Default_Handler
                0x080079c4                EXTI15_10_IRQHandler
                0x080079c4                ADC_IRQHandler
                0x080079c4                DMA1_Stream7_IRQHandler
                0x080079c4                TIM7_IRQHandler
                0x080079c4                CAN2_TX_IRQHandler
                0x080079c4                TIM5_IRQHandler
                0x080079c4                DMA2_Stream7_IRQHandler
                0x080079c4                I2C3_EV_IRQHandler
                0x080079c4                EXTI9_5_IRQHandler
                0x080079c4                RTC_WKUP_IRQHandler
                0x080079c4                SPI2_IRQHandler
                0x080079c4                OTG_HS_EP1_IN_IRQHandler
                0x080079c4                DMA1_Stream0_IRQHandler
                0x080079c4                CAN1_TX_IRQHandler
                0x080079c4                EXTI4_IRQHandler
                0x080079c4                FSMC_IRQHandler
                0x080079c4                OTG_HS_EP1_OUT_IRQHandler
                0x080079c4                WWDG_IRQHandler
                0x080079c4                TIM2_IRQHandler
                0x080079c4                OTG_FS_WKUP_IRQHandler
                0x080079c4                TIM1_TRG_COM_TIM11_IRQHandler
                0x080079c4                OTG_HS_IRQHandler
                0x080079c4                EXTI1_IRQHandler
                0x080079c4                USART2_IRQHandler
                0x080079c4                I2C2_ER_IRQHandler
                0x080079c4                DMA2_Stream1_IRQHandler
                0x080079c4                CAN1_SCE_IRQHandler
                0x080079c4                FLASH_IRQHandler
                0x080079c4                DMA2_Stream4_IRQHandler
                0x080079c4                USART1_IRQHandler
                0x080079c4                SPI3_IRQHandler
                0x080079c4                DMA1_Stream4_IRQHandler
                0x080079c4                I2C1_ER_IRQHandler
                0x080079c4                DMA2_Stream6_IRQHandler
                0x080079c4                RTC_Alarm_IRQHandler
 *fill*         0x080079c6        0x2 
 .text.printf   0x080079c8       0x24 /opt/ST/STM32CubeCLT_1.15.1/GNU-tools-for-STM32/bin/../lib/gcc/arm-none-eabi/12.3.1/../../../../arm-none-eabi/lib/thumb/v7e-m+fp/hard/libg_nano.a(libc_a-printf.o)
                0x080079c8                printf
                0x080079c8                iprintf
 .text.__errno  0x080079ec        0xc /opt/ST/STM32CubeCLT_1.15.1/GNU-tools-for-STM32/bin/../lib/gcc/arm-none-eabi/12.3.1/../../../../arm-none-eabi/lib/thumb/v7e-m+fp/hard/libg_nano.a(libc_a-errno.o)
                0x080079ec                __errno
 .text.__sfputc_r
                0x080079f8       0x2e /opt/ST/STM32CubeCLT_1.15.1/GNU-tools-for-STM32/bin/../lib/gcc/arm-none-eabi/12.3.1/../../../../arm-none-eabi/lib/thumb/v7e-m+fp/hard/libg_nano.a(libc_a-nano-vfprintf.o)
 .text.__sfputs_r
                0x08007a26       0x24 /opt/ST/STM32CubeCLT_1.15.1/GNU-tools-for-STM32/bin/../lib/gcc/arm-none-eabi/12.3.1/../../../../arm-none-eabi/lib/thumb/v7e-m+fp/hard/libg_nano.a(libc_a-nano-vfprintf.o)
                0x08007a26                __sfputs_r
 *fill*         0x08007a4a        0x2 
 .text._vfprintf_r
                0x08007a4c      0x230 /opt/ST/STM32CubeCLT_1.15.1/GNU-tools-for-STM32/bin/../lib/gcc/arm-none-eabi/12.3.1/../../../../arm-none-eabi/lib/thumb/v7e-m+fp/hard/libg_nano.a(libc_a-nano-vfprintf.o)
                0x08007a4c                _vfiprintf_r
                0x08007a4c                _vfprintf_r
 .text._printf_common
                0x08007c7c       0xda /opt/ST/STM32CubeCLT_1.15.1/GNU-tools-for-STM32/bin/../lib/gcc/arm-none-eabi/12.3.1/../../../../arm-none-eabi/lib/thumb/v7e-m+fp/hard/libg_nano.a(libc_a-nano-vfprintf_i.o)
                0x08007c7c                _printf_common
 *fill*         0x08007d56        0x2 
 .text._printf_i
                0x08007d58      0x240 /opt/ST/STM32CubeCLT_1.15.1/GNU-tools-for-STM32/bin/../lib/gcc/arm-none-eabi/12.3.1/../../../../arm-none-eabi/lib/thumb/v7e-m+fp/hard/libg_nano.a(libc_a-nano-vfprintf_i.o)
                0x08007d58                _printf_i
 .text.__swbuf_r
                0x08007f98       0x7c /opt/ST/STM32CubeCLT_1.15.1/GNU-tools-for-STM32/bin/../lib/gcc/arm-none-eabi/12.3.1/../../../../arm-none-eabi/lib/thumb/v7e-m+fp/hard/libg_nano.a(libc_a-wbuf.o)
                0x08007f98                __swbuf_r
 .text.__swsetup_r
                0x08008014       0xac /opt/ST/STM32CubeCLT_1.15.1/GNU-tools-for-STM32/bin/../lib/gcc/arm-none-eabi/12.3.1/../../../../arm-none-eabi/lib/thumb/v7e-m+fp/hard/libg_nano.a(libc_a-wsetup.o)
                0x08008014                __swsetup_r
 .text.__swhatbuf_r
                0x080080c0       0x4c /opt/ST/STM32CubeCLT_1.15.1/GNU-tools-for-STM32/bin/../lib/gcc/arm-none-eabi/12.3.1/../../../../arm-none-eabi/lib/thumb/v7e-m+fp/hard/libg_nano.a(libc_a-makebuf.o)
                0x080080c0                __swhatbuf_r
 .text.__smakebuf_r
                0x0800810c       0x78 /opt/ST/STM32CubeCLT_1.15.1/GNU-tools-for-STM32/bin/../lib/gcc/arm-none-eabi/12.3.1/../../../../arm-none-eabi/lib/thumb/v7e-m+fp/hard/libg_nano.a(libc_a-makebuf.o)
                0x0800810c                __smakebuf_r
 .text._fstat_r
                0x08008184       0x24 /opt/ST/STM32CubeCLT_1.15.1/GNU-tools-for-STM32/bin/../lib/gcc/arm-none-eabi/12.3.1/../../../../arm-none-eabi/lib/thumb/v7e-m+fp/hard/libg_nano.a(libc_a-fstatr.o)
                0x08008184                _fstat_r
 .text._isatty_r
                0x080081a8       0x20 /opt/ST/STM32CubeCLT_1.15.1/GNU-tools-for-STM32/bin/../lib/gcc/arm-none-eabi/12.3.1/../../../../arm-none-eabi/lib/thumb/v7e-m+fp/hard/libg_nano.a(libc_a-isattyr.o)
                0x080081a8                _isatty_r
 *(.glue_7)
 .glue_7        0x080081c8        0x0 linker stubs
 *(.glue_7t)
 .glue_7t       0x080081c8        0x0 linker stubs
 *(.eh_frame)
 .eh_frame      0x080081c8        0x0 /opt/ST/STM32CubeCLT_1.15.1/GNU-tools-for-STM32/bin/../lib/gcc/arm-none-eabi/12.3.1/thumb/v7e-m+fp/hard/crtbegin.o
 *(.init)
 .init          0x080081c8        0x4 /opt/ST/STM32CubeCLT_1.15.1/GNU-tools-for-STM32/bin/../lib/gcc/arm-none-eabi/12.3.1/thumb/v7e-m+fp/hard/crti.o
                0x080081c8                _init
 .init          0x080081cc        0x8 /opt/ST/STM32CubeCLT_1.15.1/GNU-tools-for-STM32/bin/../lib/gcc/arm-none-eabi/12.3.1/thumb/v7e-m+fp/hard/crtn.o
 *(.fini)
 .fini          0x080081d4        0x4 /opt/ST/STM32CubeCLT_1.15.1/GNU-tools-for-STM32/bin/../lib/gcc/arm-none-eabi/12.3.1/thumb/v7e-m+fp/hard/crti.o
                0x080081d4                _fini
 .fini          0x080081d8        0x8 /opt/ST/STM32CubeCLT_1.15.1/GNU-tools-for-STM32/bin/../lib/gcc/arm-none-eabi/12.3.1/thumb/v7e-m+fp/hard/crtn.o
                0x080081e0                        . = ALIGN (0x4)
                0x080081e0                        _etext = .

.vfp11_veneer   0x080081e0        0x0
 .vfp11_veneer  0x080081e0        0x0 linker stubs

.v4_bx          0x080081e0        0x0
 .v4_bx         0x080081e0        0x0 linker stubs

.iplt           0x080081e0        0x0
 .iplt          0x080081e0        0x0 /opt/ST/STM32CubeCLT_1.15.1/GNU-tools-for-STM32/bin/../lib/gcc/arm-none-eabi/12.3.1/thumb/v7e-m+fp/hard/crtbegin.o

.rodata         0x080081e0       0xa0
                0x080081e0                        . = ALIGN (0x4)
 *(.rodata)
 .rodata        0x080081e0        0x9 CMakeFiles/PROTO-RF-FIRMWARE.dir/Core/Src/main.c.obj
 *fill*         0x080081e9        0x3 
 .rodata        0x080081ec       0x46 CMakeFiles/PROTO-RF-FIRMWARE.dir/USB_DEVICE/App/usbd_desc.c.obj
 *(.rodata*)
 *fill*         0x08008232        0x2 
 .rodata.AHBPrescTable
                0x08008234       0x10 CMakeFiles/PROTO-RF-FIRMWARE.dir/Core/Src/system_stm32f4xx.c.obj
                0x08008234                AHBPrescTable
 .rodata.APBPrescTable
                0x08008244        0x8 CMakeFiles/PROTO-RF-FIRMWARE.dir/Core/Src/system_stm32f4xx.c.obj
                0x08008244                APBPrescTable
 .rodata._vfprintf_r.str1.1
                0x0800824c       0x11 /opt/ST/STM32CubeCLT_1.15.1/GNU-tools-for-STM32/bin/../lib/gcc/arm-none-eabi/12.3.1/../../../../arm-none-eabi/lib/thumb/v7e-m+fp/hard/libg_nano.a(libc_a-nano-vfprintf.o)
 .rodata._printf_i.str1.1
                0x0800825d       0x22 /opt/ST/STM32CubeCLT_1.15.1/GNU-tools-for-STM32/bin/../lib/gcc/arm-none-eabi/12.3.1/../../../../arm-none-eabi/lib/thumb/v7e-m+fp/hard/libg_nano.a(libc_a-nano-vfprintf_i.o)
                0x08008280                        . = ALIGN (0x4)
 *fill*         0x0800827f        0x1 

.ARM.extab
 *(.ARM.extab* .gnu.linkonce.armextab.*)

.ARM            0x08008280        0x8
                0x08008280                        __exidx_start = .
 *(.ARM.exidx*)
 .ARM.exidx     0x08008280        0x8 /opt/ST/STM32CubeCLT_1.15.1/GNU-tools-for-STM32/bin/../lib/gcc/arm-none-eabi/12.3.1/thumb/v7e-m+fp/hard/libgcc.a(_udivmoddi4.o)
 .ARM.exidx     0x08008288        0x0 /opt/ST/STM32CubeCLT_1.15.1/GNU-tools-for-STM32/bin/../lib/gcc/arm-none-eabi/12.3.1/../../../../arm-none-eabi/lib/thumb/v7e-m+fp/hard/libg_nano.a(libc_a-memchr.o)
                                  0x8 (size before relaxing)
                0x08008288                        __exidx_end = .

.rel.dyn        0x08008288        0x0
 .rel.iplt      0x08008288        0x0 /opt/ST/STM32CubeCLT_1.15.1/GNU-tools-for-STM32/bin/../lib/gcc/arm-none-eabi/12.3.1/thumb/v7e-m+fp/hard/crtbegin.o

.preinit_array  0x08008288        0x0
                0x08008288                        PROVIDE (__preinit_array_start = .)
 *(.preinit_array*)
                0x08008288                        PROVIDE (__preinit_array_end = .)

.init_array     0x08008288        0x4
                0x08008288                        PROVIDE (__init_array_start = .)
 *(SORT_BY_NAME(.init_array.*))
 *(.init_array*)
 .init_array    0x08008288        0x4 /opt/ST/STM32CubeCLT_1.15.1/GNU-tools-for-STM32/bin/../lib/gcc/arm-none-eabi/12.3.1/thumb/v7e-m+fp/hard/crtbegin.o
                0x0800828c                        PROVIDE (__init_array_end = .)

.fini_array     0x0800828c        0x4
                [!provide]                        PROVIDE (__fini_array_start = .)
 *(SORT_BY_NAME(.fini_array.*))
 *(.fini_array*)
 .fini_array    0x0800828c        0x4 /opt/ST/STM32CubeCLT_1.15.1/GNU-tools-for-STM32/bin/../lib/gcc/arm-none-eabi/12.3.1/thumb/v7e-m+fp/hard/crtbegin.o
                [!provide]                        PROVIDE (__fini_array_end = .)
                0x08008290                        _sidata = LOADADDR (.data)

.data           0x20000000      0x158 load address 0x08008290
                0x20000000                        . = ALIGN (0x4)
                0x20000000                        _sdata = .
 *(.data)
 *(.data*)
 .data.__sglue  0x20000000        0xc /opt/ST/STM32CubeCLT_1.15.1/GNU-tools-for-STM32/bin/../lib/gcc/arm-none-eabi/12.3.1/../../../../arm-none-eabi/lib/thumb/v7e-m+fp/hard/libc_nano.a(libc_a-findfp.o)
                0x20000000                __sglue
 .data._impure_ptr
                0x2000000c        0x4 /opt/ST/STM32CubeCLT_1.15.1/GNU-tools-for-STM32/bin/../lib/gcc/arm-none-eabi/12.3.1/../../../../arm-none-eabi/lib/thumb/v7e-m+fp/hard/libc_nano.a(libc_a-impure.o)
                0x2000000c                _impure_ptr
 .data._impure_data
                0x20000010       0x4c /opt/ST/STM32CubeCLT_1.15.1/GNU-tools-for-STM32/bin/../lib/gcc/arm-none-eabi/12.3.1/../../../../arm-none-eabi/lib/thumb/v7e-m+fp/hard/libc_nano.a(libc_a-impure.o)
                0x20000010                _impure_data
 .data.FS_Desc  0x2000005c       0x1c CMakeFiles/PROTO-RF-FIRMWARE.dir/USB_DEVICE/App/usbd_desc.c.obj
                0x2000005c                FS_Desc
 .data.USBD_FS_DeviceDesc
                0x20000078       0x12 CMakeFiles/PROTO-RF-FIRMWARE.dir/USB_DEVICE/App/usbd_desc.c.obj
                0x20000078                USBD_FS_DeviceDesc
 *fill*         0x2000008a        0x2 
 .data.USBD_LangIDDesc
                0x2000008c        0x4 CMakeFiles/PROTO-RF-FIRMWARE.dir/USB_DEVICE/App/usbd_desc.c.obj
                0x2000008c                USBD_LangIDDesc
 .data.USBD_StringSerial
                0x20000090       0x1a CMakeFiles/PROTO-RF-FIRMWARE.dir/USB_DEVICE/App/usbd_desc.c.obj
                0x20000090                USBD_StringSerial
 *fill*         0x200000aa        0x2 
 .data.USBD_Interface_fops_FS
                0x200000ac       0x14 CMakeFiles/PROTO-RF-FIRMWARE.dir/USB_DEVICE/App/usbd_cdc_if.c.obj
                0x200000ac                USBD_Interface_fops_FS
 .data.uwTickPrio
                0x200000c0        0x4 CMakeFiles/PROTO-RF-FIRMWARE.dir/Drivers/STM32F4xx_HAL_Driver/Src/stm32f4xx_hal.c.obj
                0x200000c0                uwTickPrio
 .data.uwTickFreq
                0x200000c4        0x1 CMakeFiles/PROTO-RF-FIRMWARE.dir/Drivers/STM32F4xx_HAL_Driver/Src/stm32f4xx_hal.c.obj
                0x200000c4                uwTickFreq
 *fill*         0x200000c5        0x3 
 .data.SystemCoreClock
                0x200000c8        0x4 CMakeFiles/PROTO-RF-FIRMWARE.dir/Core/Src/system_stm32f4xx.c.obj
                0x200000c8                SystemCoreClock
 .data.USBD_CDC_DeviceQualifierDesc
                0x200000cc        0xa CMakeFiles/PROTO-RF-FIRMWARE.dir/Middlewares/ST/STM32_USB_Device_Library/Class/CDC/Src/usbd_cdc.c.obj
 *fill*         0x200000d6        0x2 
 .data.USBD_CDC
                0x200000d8       0x38 CMakeFiles/PROTO-RF-FIRMWARE.dir/Middlewares/ST/STM32_USB_Device_Library/Class/CDC/Src/usbd_cdc.c.obj
                0x200000d8                USBD_CDC
 .data.USBD_CDC_CfgDesc
                0x20000110       0x43 CMakeFiles/PROTO-RF-FIRMWARE.dir/Middlewares/ST/STM32_USB_Device_Library/Class/CDC/Src/usbd_cdc.c.obj
 .data.CDCInEpAdd
                0x20000153        0x1 CMakeFiles/PROTO-RF-FIRMWARE.dir/Middlewares/ST/STM32_USB_Device_Library/Class/CDC/Src/usbd_cdc.c.obj
 .data.CDCOutEpAdd
                0x20000154        0x1 CMakeFiles/PROTO-RF-FIRMWARE.dir/Middlewares/ST/STM32_USB_Device_Library/Class/CDC/Src/usbd_cdc.c.obj
 .data.CDCCmdEpAdd
                0x20000155        0x1 CMakeFiles/PROTO-RF-FIRMWARE.dir/Middlewares/ST/STM32_USB_Device_Library/Class/CDC/Src/usbd_cdc.c.obj
                0x20000158                        . = ALIGN (0x4)
 *fill*         0x20000156        0x2 
                0x20000158                        _edata = .
                0x080083e8                        _siccmram = LOADADDR (.ccmram)

.igot.plt       0x20000158        0x0 load address 0x080083e8
 .igot.plt      0x20000158        0x0 /opt/ST/STM32CubeCLT_1.15.1/GNU-tools-for-STM32/bin/../lib/gcc/arm-none-eabi/12.3.1/thumb/v7e-m+fp/hard/crtbegin.o

.ccmram         0x10000000        0x0 load address 0x080083e8
                0x10000000                        . = ALIGN (0x4)
                0x10000000                        _sccmram = .
 *(.ccmram)
 *(.ccmram*)
                0x10000000                        . = ALIGN (0x4)
                0x10000000                        _eccmram = .
                0x10000000                        . = ALIGN (0x4)

.bss            0x20000158     0x1e00
                0x20000158                        _sbss = .
                0x20000158                        __bss_start__ = _sbss
 *(.bss)
 .bss           0x20000158       0x1c /opt/ST/STM32CubeCLT_1.15.1/GNU-tools-for-STM32/bin/../lib/gcc/arm-none-eabi/12.3.1/thumb/v7e-m+fp/hard/crtbegin.o
 *(.bss*)
 .bss.__sf      0x20000174      0x138 /opt/ST/STM32CubeCLT_1.15.1/GNU-tools-for-STM32/bin/../lib/gcc/arm-none-eabi/12.3.1/../../../../arm-none-eabi/lib/thumb/v7e-m+fp/hard/libc_nano.a(libc_a-findfp.o)
                0x20000174                __sf
 .bss.__stdio_exit_handler
                0x200002ac        0x4 /opt/ST/STM32CubeCLT_1.15.1/GNU-tools-for-STM32/bin/../lib/gcc/arm-none-eabi/12.3.1/../../../../arm-none-eabi/lib/thumb/v7e-m+fp/hard/libc_nano.a(libc_a-findfp.o)
                0x200002ac                __stdio_exit_handler
 .bss.__lock___malloc_recursive_mutex
                0x200002b0        0x1 /opt/ST/STM32CubeCLT_1.15.1/GNU-tools-for-STM32/bin/../lib/gcc/arm-none-eabi/12.3.1/../../../../arm-none-eabi/lib/thumb/v7e-m+fp/hard/libc_nano.a(libc_a-lock.o)
                0x200002b0                __lock___malloc_recursive_mutex
 .bss.__lock___sfp_recursive_mutex
                0x200002b1        0x1 /opt/ST/STM32CubeCLT_1.15.1/GNU-tools-for-STM32/bin/../lib/gcc/arm-none-eabi/12.3.1/../../../../arm-none-eabi/lib/thumb/v7e-m+fp/hard/libc_nano.a(libc_a-lock.o)
                0x200002b1                __lock___sfp_recursive_mutex
 *fill*         0x200002b2        0x2 
 .bss.__malloc_sbrk_start
                0x200002b4        0x4 /opt/ST/STM32CubeCLT_1.15.1/GNU-tools-for-STM32/bin/../lib/gcc/arm-none-eabi/12.3.1/../../../../arm-none-eabi/lib/thumb/v7e-m+fp/hard/libc_nano.a(libc_a-mallocr.o)
                0x200002b4                __malloc_sbrk_start
 .bss.__malloc_free_list
                0x200002b8        0x4 /opt/ST/STM32CubeCLT_1.15.1/GNU-tools-for-STM32/bin/../lib/gcc/arm-none-eabi/12.3.1/../../../../arm-none-eabi/lib/thumb/v7e-m+fp/hard/libc_nano.a(libc_a-mallocr.o)
                0x200002b8                __malloc_free_list
 .bss.errno     0x200002bc        0x4 /opt/ST/STM32CubeCLT_1.15.1/GNU-tools-for-STM32/bin/../lib/gcc/arm-none-eabi/12.3.1/../../../../arm-none-eabi/lib/thumb/v7e-m+fp/hard/libc_nano.a(libc_a-reent.o)
                0x200002bc                errno
 .bss.hi2c3     0x200002c0       0x54 CMakeFiles/PROTO-RF-FIRMWARE.dir/Core/Src/main.c.obj
                0x200002c0                hi2c3
 .bss.hspi1     0x20000314       0x58 CMakeFiles/PROTO-RF-FIRMWARE.dir/Core/Src/main.c.obj
                0x20000314                hspi1
 .bss.hUsbDeviceFS
                0x2000036c      0x2dc CMakeFiles/PROTO-RF-FIRMWARE.dir/USB_DEVICE/App/usb_device.c.obj
                0x2000036c                hUsbDeviceFS
 .bss.USBD_StrDesc
                0x20000648      0x200 CMakeFiles/PROTO-RF-FIRMWARE.dir/USB_DEVICE/App/usbd_desc.c.obj
                0x20000648                USBD_StrDesc
 .bss.UserRxBufferFS
                0x20000848      0x800 CMakeFiles/PROTO-RF-FIRMWARE.dir/USB_DEVICE/App/usbd_cdc_if.c.obj
                0x20000848                UserRxBufferFS
 .bss.UserTxBufferFS
                0x20001048      0x800 CMakeFiles/PROTO-RF-FIRMWARE.dir/USB_DEVICE/App/usbd_cdc_if.c.obj
                0x20001048                UserTxBufferFS
 .bss.hpcd_USB_OTG_FS
                0x20001848      0x4e4 CMakeFiles/PROTO-RF-FIRMWARE.dir/USB_DEVICE/Target/usbd_conf.c.obj
                0x20001848                hpcd_USB_OTG_FS
 .bss.mem.0     0x20001d2c      0x220 CMakeFiles/PROTO-RF-FIRMWARE.dir/USB_DEVICE/Target/usbd_conf.c.obj
 .bss.uwTick    0x20001f4c        0x4 CMakeFiles/PROTO-RF-FIRMWARE.dir/Drivers/STM32F4xx_HAL_Driver/Src/stm32f4xx_hal.c.obj
                0x20001f4c                uwTick
 .bss.cfgidx.0  0x20001f50        0x1 CMakeFiles/PROTO-RF-FIRMWARE.dir/Middlewares/ST/STM32_USB_Device_Library/Core/Src/usbd_ctlreq.c.obj
 *fill*         0x20001f51        0x3 
 .bss.__sbrk_heap_end
                0x20001f54        0x4 CMakeFiles/PROTO-RF-FIRMWARE.dir/Core/Src/sysmem.c.obj
 *(COMMON)
                0x20001f58                        . = ALIGN (0x4)
                0x20001f58                        _ebss = .
                0x20001f58                        __bss_end__ = _ebss

._user_heap_stack
                0x20001f58      0x600
                0x20001f58                        . = ALIGN (0x8)
                [!provide]                        PROVIDE (end = .)
                0x20001f58                        PROVIDE (_end = .)
                0x20002158                        . = (. + _Min_Heap_Size)
 *fill*         0x20001f58      0x200 
                0x20002558                        . = (. + _Min_Stack_Size)
 *fill*         0x20002158      0x400 
                0x20002558                        . = ALIGN (0x8)

/DISCARD/
 libc.a(*)
 libm.a(*)
 libgcc.a(*)

.ARM.attributes
                0x00000000       0x30
 *(.ARM.attributes)
 .ARM.attributes
                0x00000000       0x22 /opt/ST/STM32CubeCLT_1.15.1/GNU-tools-for-STM32/bin/../lib/gcc/arm-none-eabi/12.3.1/thumb/v7e-m+fp/hard/crti.o
 .ARM.attributes
                0x00000022       0x34 /opt/ST/STM32CubeCLT_1.15.1/GNU-tools-for-STM32/bin/../lib/gcc/arm-none-eabi/12.3.1/thumb/v7e-m+fp/hard/crtbegin.o
 .ARM.attributes
                0x00000056       0x34 /opt/ST/STM32CubeCLT_1.15.1/GNU-tools-for-STM32/bin/../lib/gcc/arm-none-eabi/12.3.1/../../../../arm-none-eabi/lib/thumb/v7e-m+fp/hard/libc_nano.a(libc_a-findfp.o)
 .ARM.attributes
                0x0000008a       0x34 /opt/ST/STM32CubeCLT_1.15.1/GNU-tools-for-STM32/bin/../lib/gcc/arm-none-eabi/12.3.1/../../../../arm-none-eabi/lib/thumb/v7e-m+fp/hard/libc_nano.a(libc_a-fwalk.o)
 .ARM.attributes
                0x000000be       0x34 /opt/ST/STM32CubeCLT_1.15.1/GNU-tools-for-STM32/bin/../lib/gcc/arm-none-eabi/12.3.1/../../../../arm-none-eabi/lib/thumb/v7e-m+fp/hard/libc_nano.a(libc_a-memset.o)
 .ARM.attributes
                0x000000f2       0x34 /opt/ST/STM32CubeCLT_1.15.1/GNU-tools-for-STM32/bin/../lib/gcc/arm-none-eabi/12.3.1/../../../../arm-none-eabi/lib/thumb/v7e-m+fp/hard/libc_nano.a(libc_a-impure.o)
 .ARM.attributes
                0x00000126       0x34 /opt/ST/STM32CubeCLT_1.15.1/GNU-tools-for-STM32/bin/../lib/gcc/arm-none-eabi/12.3.1/../../../../arm-none-eabi/lib/thumb/v7e-m+fp/hard/libc_nano.a(libc_a-init.o)
 .ARM.attributes
                0x0000015a       0x34 /opt/ST/STM32CubeCLT_1.15.1/GNU-tools-for-STM32/bin/../lib/gcc/arm-none-eabi/12.3.1/../../../../arm-none-eabi/lib/thumb/v7e-m+fp/hard/libc_nano.a(libc_a-lock.o)
 .ARM.attributes
                0x0000018e       0x34 /opt/ST/STM32CubeCLT_1.15.1/GNU-tools-for-STM32/bin/../lib/gcc/arm-none-eabi/12.3.1/../../../../arm-none-eabi/lib/thumb/v7e-m+fp/hard/libc_nano.a(libc_a-mallocr.o)
 .ARM.attributes
                0x000001c2       0x34 /opt/ST/STM32CubeCLT_1.15.1/GNU-tools-for-STM32/bin/../lib/gcc/arm-none-eabi/12.3.1/../../../../arm-none-eabi/lib/thumb/v7e-m+fp/hard/libc_nano.a(libc_a-fflush.o)
 .ARM.attributes
                0x000001f6       0x34 /opt/ST/STM32CubeCLT_1.15.1/GNU-tools-for-STM32/bin/../lib/gcc/arm-none-eabi/12.3.1/../../../../arm-none-eabi/lib/thumb/v7e-m+fp/hard/libc_nano.a(libc_a-mlock.o)
 .ARM.attributes
                0x0000022a       0x34 /opt/ST/STM32CubeCLT_1.15.1/GNU-tools-for-STM32/bin/../lib/gcc/arm-none-eabi/12.3.1/../../../../arm-none-eabi/lib/thumb/v7e-m+fp/hard/libc_nano.a(libc_a-stdio.o)
 .ARM.attributes
                0x0000025e       0x34 /opt/ST/STM32CubeCLT_1.15.1/GNU-tools-for-STM32/bin/../lib/gcc/arm-none-eabi/12.3.1/../../../../arm-none-eabi/lib/thumb/v7e-m+fp/hard/libc_nano.a(libc_a-closer.o)
 .ARM.attributes
                0x00000292       0x34 /opt/ST/STM32CubeCLT_1.15.1/GNU-tools-for-STM32/bin/../lib/gcc/arm-none-eabi/12.3.1/../../../../arm-none-eabi/lib/thumb/v7e-m+fp/hard/libc_nano.a(libc_a-reent.o)
 .ARM.attributes
                0x000002c6       0x34 /opt/ST/STM32CubeCLT_1.15.1/GNU-tools-for-STM32/bin/../lib/gcc/arm-none-eabi/12.3.1/../../../../arm-none-eabi/lib/thumb/v7e-m+fp/hard/libc_nano.a(libc_a-lseekr.o)
 .ARM.attributes
                0x000002fa       0x34 /opt/ST/STM32CubeCLT_1.15.1/GNU-tools-for-STM32/bin/../lib/gcc/arm-none-eabi/12.3.1/../../../../arm-none-eabi/lib/thumb/v7e-m+fp/hard/libc_nano.a(libc_a-readr.o)
 .ARM.attributes
                0x0000032e       0x34 /opt/ST/STM32CubeCLT_1.15.1/GNU-tools-for-STM32/bin/../lib/gcc/arm-none-eabi/12.3.1/../../../../arm-none-eabi/lib/thumb/v7e-m+fp/hard/libc_nano.a(libc_a-sbrkr.o)
 .ARM.attributes
                0x00000362       0x34 /opt/ST/STM32CubeCLT_1.15.1/GNU-tools-for-STM32/bin/../lib/gcc/arm-none-eabi/12.3.1/../../../../arm-none-eabi/lib/thumb/v7e-m+fp/hard/libc_nano.a(libc_a-writer.o)
 .ARM.attributes
                0x00000396       0x34 /opt/ST/STM32CubeCLT_1.15.1/GNU-tools-for-STM32/bin/../lib/gcc/arm-none-eabi/12.3.1/../../../../arm-none-eabi/lib/thumb/v7e-m+fp/hard/libc_nano.a(libc_a-freer.o)
 .ARM.attributes
                0x000003ca       0x34 CMakeFiles/PROTO-RF-FIRMWARE.dir/Core/Src/main.c.obj
 .ARM.attributes
                0x000003fe       0x34 CMakeFiles/PROTO-RF-FIRMWARE.dir/Core/Src/stm32f4xx_it.c.obj
 .ARM.attributes
                0x00000432       0x34 CMakeFiles/PROTO-RF-FIRMWARE.dir/Core/Src/stm32f4xx_hal_msp.c.obj
 .ARM.attributes
                0x00000466       0x34 CMakeFiles/PROTO-RF-FIRMWARE.dir/USB_DEVICE/App/usb_device.c.obj
 .ARM.attributes
                0x0000049a       0x34 CMakeFiles/PROTO-RF-FIRMWARE.dir/USB_DEVICE/App/usbd_desc.c.obj
 .ARM.attributes
                0x000004ce       0x34 CMakeFiles/PROTO-RF-FIRMWARE.dir/USB_DEVICE/App/usbd_cdc_if.c.obj
 .ARM.attributes
                0x00000502       0x34 CMakeFiles/PROTO-RF-FIRMWARE.dir/USB_DEVICE/Target/usbd_conf.c.obj
 .ARM.attributes
                0x00000536       0x34 CMakeFiles/PROTO-RF-FIRMWARE.dir/Drivers/STM32F4xx_HAL_Driver/Src/stm32f4xx_hal_pcd.c.obj
 .ARM.attributes
                0x0000056a       0x34 CMakeFiles/PROTO-RF-FIRMWARE.dir/Drivers/STM32F4xx_HAL_Driver/Src/stm32f4xx_hal_pcd_ex.c.obj
 .ARM.attributes
                0x0000059e       0x34 CMakeFiles/PROTO-RF-FIRMWARE.dir/Drivers/STM32F4xx_HAL_Driver/Src/stm32f4xx_ll_usb.c.obj
 .ARM.attributes
                0x000005d2       0x34 CMakeFiles/PROTO-RF-FIRMWARE.dir/Drivers/STM32F4xx_HAL_Driver/Src/stm32f4xx_hal_rcc.c.obj
 .ARM.attributes
                0x00000606       0x34 CMakeFiles/PROTO-RF-FIRMWARE.dir/Drivers/STM32F4xx_HAL_Driver/Src/stm32f4xx_hal_gpio.c.obj
 .ARM.attributes
                0x0000063a       0x34 CMakeFiles/PROTO-RF-FIRMWARE.dir/Drivers/STM32F4xx_HAL_Driver/Src/stm32f4xx_hal_cortex.c.obj
 .ARM.attributes
                0x0000066e       0x34 CMakeFiles/PROTO-RF-FIRMWARE.dir/Drivers/STM32F4xx_HAL_Driver/Src/stm32f4xx_hal.c.obj
 .ARM.attributes
                0x000006a2       0x34 CMakeFiles/PROTO-RF-FIRMWARE.dir/Drivers/STM32F4xx_HAL_Driver/Src/stm32f4xx_hal_i2c.c.obj
 .ARM.attributes
                0x000006d6       0x34 CMakeFiles/PROTO-RF-FIRMWARE.dir/Drivers/STM32F4xx_HAL_Driver/Src/stm32f4xx_hal_spi.c.obj
 .ARM.attributes
                0x0000070a       0x34 CMakeFiles/PROTO-RF-FIRMWARE.dir/Core/Src/system_stm32f4xx.c.obj
 .ARM.attributes
                0x0000073e       0x34 CMakeFiles/PROTO-RF-FIRMWARE.dir/Middlewares/ST/STM32_USB_Device_Library/Core/Src/usbd_core.c.obj
 .ARM.attributes
                0x00000772       0x34 CMakeFiles/PROTO-RF-FIRMWARE.dir/Middlewares/ST/STM32_USB_Device_Library/Core/Src/usbd_ctlreq.c.obj
 .ARM.attributes
                0x000007a6       0x34 CMakeFiles/PROTO-RF-FIRMWARE.dir/Middlewares/ST/STM32_USB_Device_Library/Core/Src/usbd_ioreq.c.obj
 .ARM.attributes
                0x000007da       0x34 CMakeFiles/PROTO-RF-FIRMWARE.dir/Middlewares/ST/STM32_USB_Device_Library/Class/CDC/Src/usbd_cdc.c.obj
 .ARM.attributes
                0x0000080e       0x34 CMakeFiles/PROTO-RF-FIRMWARE.dir/Core/Src/sysmem.c.obj
 .ARM.attributes
                0x00000842       0x34 CMakeFiles/PROTO-RF-FIRMWARE.dir/Core/Src/syscalls.c.obj
 .ARM.attributes
                0x00000876       0x21 CMakeFiles/PROTO-RF-FIRMWARE.dir/startup_stm32f405xx.s.obj
 .ARM.attributes
                0x00000897       0x22 /opt/ST/STM32CubeCLT_1.15.1/GNU-tools-for-STM32/bin/../lib/gcc/arm-none-eabi/12.3.1/thumb/v7e-m+fp/hard/libgcc.a(_aeabi_uldivmod.o)
 .ARM.attributes
                0x000008b9       0x34 /opt/ST/STM32CubeCLT_1.15.1/GNU-tools-for-STM32/bin/../lib/gcc/arm-none-eabi/12.3.1/thumb/v7e-m+fp/hard/libgcc.a(_udivmoddi4.o)
 .ARM.attributes
                0x000008ed       0x22 /opt/ST/STM32CubeCLT_1.15.1/GNU-tools-for-STM32/bin/../lib/gcc/arm-none-eabi/12.3.1/thumb/v7e-m+fp/hard/libgcc.a(_dvmd_tls.o)
 .ARM.attributes
                0x0000090f       0x34 /opt/ST/STM32CubeCLT_1.15.1/GNU-tools-for-STM32/bin/../lib/gcc/arm-none-eabi/12.3.1/../../../../arm-none-eabi/lib/thumb/v7e-m+fp/hard/libg_nano.a(libc_a-printf.o)
 .ARM.attributes
                0x00000943       0x34 /opt/ST/STM32CubeCLT_1.15.1/GNU-tools-for-STM32/bin/../lib/gcc/arm-none-eabi/12.3.1/../../../../arm-none-eabi/lib/thumb/v7e-m+fp/hard/libg_nano.a(libc_a-errno.o)
 .ARM.attributes
                0x00000977       0x34 /opt/ST/STM32CubeCLT_1.15.1/GNU-tools-for-STM32/bin/../lib/gcc/arm-none-eabi/12.3.1/../../../../arm-none-eabi/lib/thumb/v7e-m+fp/hard/libg_nano.a(libc_a-nano-vfprintf.o)
 .ARM.attributes
                0x000009ab       0x34 /opt/ST/STM32CubeCLT_1.15.1/GNU-tools-for-STM32/bin/../lib/gcc/arm-none-eabi/12.3.1/../../../../arm-none-eabi/lib/thumb/v7e-m+fp/hard/libg_nano.a(libc_a-nano-vfprintf_i.o)
 .ARM.attributes
                0x000009df       0x34 /opt/ST/STM32CubeCLT_1.15.1/GNU-tools-for-STM32/bin/../lib/gcc/arm-none-eabi/12.3.1/../../../../arm-none-eabi/lib/thumb/v7e-m+fp/hard/libg_nano.a(libc_a-wbuf.o)
 .ARM.attributes
                0x00000a13       0x34 /opt/ST/STM32CubeCLT_1.15.1/GNU-tools-for-STM32/bin/../lib/gcc/arm-none-eabi/12.3.1/../../../../arm-none-eabi/lib/thumb/v7e-m+fp/hard/libg_nano.a(libc_a-wsetup.o)
 .ARM.attributes
                0x00000a47       0x34 /opt/ST/STM32CubeCLT_1.15.1/GNU-tools-for-STM32/bin/../lib/gcc/arm-none-eabi/12.3.1/../../../../arm-none-eabi/lib/thumb/v7e-m+fp/hard/libg_nano.a(libc_a-makebuf.o)
 .ARM.attributes
                0x00000a7b       0x34 /opt/ST/STM32CubeCLT_1.15.1/GNU-tools-for-STM32/bin/../lib/gcc/arm-none-eabi/12.3.1/../../../../arm-none-eabi/lib/thumb/v7e-m+fp/hard/libg_nano.a(libc_a-fstatr.o)
 .ARM.attributes
                0x00000aaf       0x34 /opt/ST/STM32CubeCLT_1.15.1/GNU-tools-for-STM32/bin/../lib/gcc/arm-none-eabi/12.3.1/../../../../arm-none-eabi/lib/thumb/v7e-m+fp/hard/libg_nano.a(libc_a-isattyr.o)
 .ARM.attributes
                0x00000ae3       0x1c /opt/ST/STM32CubeCLT_1.15.1/GNU-tools-for-STM32/bin/../lib/gcc/arm-none-eabi/12.3.1/../../../../arm-none-eabi/lib/thumb/v7e-m+fp/hard/libg_nano.a(libc_a-memchr.o)
 .ARM.attributes
                0x00000aff       0x22 /opt/ST/STM32CubeCLT_1.15.1/GNU-tools-for-STM32/bin/../lib/gcc/arm-none-eabi/12.3.1/thumb/v7e-m+fp/hard/crtn.o
OUTPUT(PROTO-RF-FIRMWARE.elf elf32-littlearm)
LOAD linker stubs
LOAD /opt/ST/STM32CubeCLT_1.15.1/GNU-tools-for-STM32/bin/../lib/gcc/arm-none-eabi/12.3.1/../../../../arm-none-eabi/lib/thumb/v7e-m+fp/hard/libc.a
LOAD /opt/ST/STM32CubeCLT_1.15.1/GNU-tools-for-STM32/bin/../lib/gcc/arm-none-eabi/12.3.1/../../../../arm-none-eabi/lib/thumb/v7e-m+fp/hard/libm.a
LOAD /opt/ST/STM32CubeCLT_1.15.1/GNU-tools-for-STM32/bin/../lib/gcc/arm-none-eabi/12.3.1/thumb/v7e-m+fp/hard/libgcc.a

.debug_frame    0x00000000     0x4c5c
 .debug_frame   0x00000000      0x144 /opt/ST/STM32CubeCLT_1.15.1/GNU-tools-for-STM32/bin/../lib/gcc/arm-none-eabi/12.3.1/../../../../arm-none-eabi/lib/thumb/v7e-m+fp/hard/libc_nano.a(libc_a-findfp.o)
 .debug_frame   0x00000144       0x34 /opt/ST/STM32CubeCLT_1.15.1/GNU-tools-for-STM32/bin/../lib/gcc/arm-none-eabi/12.3.1/../../../../arm-none-eabi/lib/thumb/v7e-m+fp/hard/libc_nano.a(libc_a-fwalk.o)
 .debug_frame   0x00000178       0x20 /opt/ST/STM32CubeCLT_1.15.1/GNU-tools-for-STM32/bin/../lib/gcc/arm-none-eabi/12.3.1/../../../../arm-none-eabi/lib/thumb/v7e-m+fp/hard/libc_nano.a(libc_a-memset.o)
 .debug_frame   0x00000198       0x2c /opt/ST/STM32CubeCLT_1.15.1/GNU-tools-for-STM32/bin/../lib/gcc/arm-none-eabi/12.3.1/../../../../arm-none-eabi/lib/thumb/v7e-m+fp/hard/libc_nano.a(libc_a-init.o)
 .debug_frame   0x000001c4       0xb0 /opt/ST/STM32CubeCLT_1.15.1/GNU-tools-for-STM32/bin/../lib/gcc/arm-none-eabi/12.3.1/../../../../arm-none-eabi/lib/thumb/v7e-m+fp/hard/libc_nano.a(libc_a-lock.o)
 .debug_frame   0x00000274       0x50 /opt/ST/STM32CubeCLT_1.15.1/GNU-tools-for-STM32/bin/../lib/gcc/arm-none-eabi/12.3.1/../../../../arm-none-eabi/lib/thumb/v7e-m+fp/hard/libc_nano.a(libc_a-mallocr.o)
 .debug_frame   0x000002c4       0x5c /opt/ST/STM32CubeCLT_1.15.1/GNU-tools-for-STM32/bin/../lib/gcc/arm-none-eabi/12.3.1/../../../../arm-none-eabi/lib/thumb/v7e-m+fp/hard/libc_nano.a(libc_a-fflush.o)
 .debug_frame   0x00000320       0x30 /opt/ST/STM32CubeCLT_1.15.1/GNU-tools-for-STM32/bin/../lib/gcc/arm-none-eabi/12.3.1/../../../../arm-none-eabi/lib/thumb/v7e-m+fp/hard/libc_nano.a(libc_a-mlock.o)
 .debug_frame   0x00000350       0x88 /opt/ST/STM32CubeCLT_1.15.1/GNU-tools-for-STM32/bin/../lib/gcc/arm-none-eabi/12.3.1/../../../../arm-none-eabi/lib/thumb/v7e-m+fp/hard/libc_nano.a(libc_a-stdio.o)
 .debug_frame   0x000003d8       0x2c /opt/ST/STM32CubeCLT_1.15.1/GNU-tools-for-STM32/bin/../lib/gcc/arm-none-eabi/12.3.1/../../../../arm-none-eabi/lib/thumb/v7e-m+fp/hard/libc_nano.a(libc_a-closer.o)
 .debug_frame   0x00000404       0x38 /opt/ST/STM32CubeCLT_1.15.1/GNU-tools-for-STM32/bin/../lib/gcc/arm-none-eabi/12.3.1/../../../../arm-none-eabi/lib/thumb/v7e-m+fp/hard/libc_nano.a(libc_a-reent.o)
 .debug_frame   0x0000043c       0x2c /opt/ST/STM32CubeCLT_1.15.1/GNU-tools-for-STM32/bin/../lib/gcc/arm-none-eabi/12.3.1/../../../../arm-none-eabi/lib/thumb/v7e-m+fp/hard/libc_nano.a(libc_a-lseekr.o)
 .debug_frame   0x00000468       0x2c /opt/ST/STM32CubeCLT_1.15.1/GNU-tools-for-STM32/bin/../lib/gcc/arm-none-eabi/12.3.1/../../../../arm-none-eabi/lib/thumb/v7e-m+fp/hard/libc_nano.a(libc_a-readr.o)
 .debug_frame   0x00000494       0x2c /opt/ST/STM32CubeCLT_1.15.1/GNU-tools-for-STM32/bin/../lib/gcc/arm-none-eabi/12.3.1/../../../../arm-none-eabi/lib/thumb/v7e-m+fp/hard/libc_nano.a(libc_a-sbrkr.o)
 .debug_frame   0x000004c0       0x2c /opt/ST/STM32CubeCLT_1.15.1/GNU-tools-for-STM32/bin/../lib/gcc/arm-none-eabi/12.3.1/../../../../arm-none-eabi/lib/thumb/v7e-m+fp/hard/libc_nano.a(libc_a-writer.o)
 .debug_frame   0x000004ec       0x38 /opt/ST/STM32CubeCLT_1.15.1/GNU-tools-for-STM32/bin/../lib/gcc/arm-none-eabi/12.3.1/../../../../arm-none-eabi/lib/thumb/v7e-m+fp/hard/libc_nano.a(libc_a-freer.o)
 .debug_frame   0x00000524       0xc8 CMakeFiles/PROTO-RF-FIRMWARE.dir/Core/Src/main.c.obj
 .debug_frame   0x000005ec      0x120 CMakeFiles/PROTO-RF-FIRMWARE.dir/Core/Src/stm32f4xx_it.c.obj
 .debug_frame   0x0000070c       0xc8 CMakeFiles/PROTO-RF-FIRMWARE.dir/Core/Src/stm32f4xx_hal_msp.c.obj
 .debug_frame   0x000007d4       0x2c CMakeFiles/PROTO-RF-FIRMWARE.dir/USB_DEVICE/App/usb_device.c.obj
 .debug_frame   0x00000800      0x160 CMakeFiles/PROTO-RF-FIRMWARE.dir/USB_DEVICE/App/usbd_desc.c.obj
 .debug_frame   0x00000960       0xe4 CMakeFiles/PROTO-RF-FIRMWARE.dir/USB_DEVICE/App/usbd_cdc_if.c.obj
 .debug_frame   0x00000a44      0x47c CMakeFiles/PROTO-RF-FIRMWARE.dir/USB_DEVICE/Target/usbd_conf.c.obj
 .debug_frame   0x00000ec0      0x5b8 CMakeFiles/PROTO-RF-FIRMWARE.dir/Drivers/STM32F4xx_HAL_Driver/Src/stm32f4xx_hal_pcd.c.obj
 .debug_frame   0x00001478       0xb0 CMakeFiles/PROTO-RF-FIRMWARE.dir/Drivers/STM32F4xx_HAL_Driver/Src/stm32f4xx_hal_pcd_ex.c.obj
 .debug_frame   0x00001528      0x7c0 CMakeFiles/PROTO-RF-FIRMWARE.dir/Drivers/STM32F4xx_HAL_Driver/Src/stm32f4xx_ll_usb.c.obj
 .debug_frame   0x00001ce8      0x1f4 CMakeFiles/PROTO-RF-FIRMWARE.dir/Drivers/STM32F4xx_HAL_Driver/Src/stm32f4xx_hal_rcc.c.obj
 .debug_frame   0x00001edc      0x14c CMakeFiles/PROTO-RF-FIRMWARE.dir/Drivers/STM32F4xx_HAL_Driver/Src/stm32f4xx_hal_gpio.c.obj
 .debug_frame   0x00002028      0x4b8 CMakeFiles/PROTO-RF-FIRMWARE.dir/Drivers/STM32F4xx_HAL_Driver/Src/stm32f4xx_hal_cortex.c.obj
 .debug_frame   0x000024e0      0x374 CMakeFiles/PROTO-RF-FIRMWARE.dir/Drivers/STM32F4xx_HAL_Driver/Src/stm32f4xx_hal.c.obj
 .debug_frame   0x00002854      0xc84 CMakeFiles/PROTO-RF-FIRMWARE.dir/Drivers/STM32F4xx_HAL_Driver/Src/stm32f4xx_hal_i2c.c.obj
 .debug_frame   0x000034d8      0x828 CMakeFiles/PROTO-RF-FIRMWARE.dir/Drivers/STM32F4xx_HAL_Driver/Src/stm32f4xx_hal_spi.c.obj
 .debug_frame   0x00003d00       0x58 CMakeFiles/PROTO-RF-FIRMWARE.dir/Core/Src/system_stm32f4xx.c.obj
 .debug_frame   0x00003d58      0x390 CMakeFiles/PROTO-RF-FIRMWARE.dir/Middlewares/ST/STM32_USB_Device_Library/Core/Src/usbd_core.c.obj
 .debug_frame   0x000040e8      0x23c CMakeFiles/PROTO-RF-FIRMWARE.dir/Middlewares/ST/STM32_USB_Device_Library/Core/Src/usbd_ctlreq.c.obj
 .debug_frame   0x00004324      0x10c CMakeFiles/PROTO-RF-FIRMWARE.dir/Middlewares/ST/STM32_USB_Device_Library/Core/Src/usbd_ioreq.c.obj
 .debug_frame   0x00004430      0x23c CMakeFiles/PROTO-RF-FIRMWARE.dir/Middlewares/ST/STM32_USB_Device_Library/Class/CDC/Src/usbd_cdc.c.obj
 .debug_frame   0x0000466c       0x34 CMakeFiles/PROTO-RF-FIRMWARE.dir/Core/Src/sysmem.c.obj
 .debug_frame   0x000046a0      0x2ac CMakeFiles/PROTO-RF-FIRMWARE.dir/Core/Src/syscalls.c.obj
 .debug_frame   0x0000494c       0x2c /opt/ST/STM32CubeCLT_1.15.1/GNU-tools-for-STM32/bin/../lib/gcc/arm-none-eabi/12.3.1/thumb/v7e-m+fp/hard/libgcc.a(_aeabi_uldivmod.o)
 .debug_frame   0x00004978       0x34 /opt/ST/STM32CubeCLT_1.15.1/GNU-tools-for-STM32/bin/../lib/gcc/arm-none-eabi/12.3.1/thumb/v7e-m+fp/hard/libgcc.a(_udivmoddi4.o)
 .debug_frame   0x000049ac       0x6c /opt/ST/STM32CubeCLT_1.15.1/GNU-tools-for-STM32/bin/../lib/gcc/arm-none-eabi/12.3.1/../../../../arm-none-eabi/lib/thumb/v7e-m+fp/hard/libg_nano.a(libc_a-printf.o)
 .debug_frame   0x00004a18       0x20 /opt/ST/STM32CubeCLT_1.15.1/GNU-tools-for-STM32/bin/../lib/gcc/arm-none-eabi/12.3.1/../../../../arm-none-eabi/lib/thumb/v7e-m+fp/hard/libg_nano.a(libc_a-errno.o)
 .debug_frame   0x00004a38       0xa8 /opt/ST/STM32CubeCLT_1.15.1/GNU-tools-for-STM32/bin/../lib/gcc/arm-none-eabi/12.3.1/../../../../arm-none-eabi/lib/thumb/v7e-m+fp/hard/libg_nano.a(libc_a-nano-vfprintf.o)
 .debug_frame   0x00004ae0       0x60 /opt/ST/STM32CubeCLT_1.15.1/GNU-tools-for-STM32/bin/../lib/gcc/arm-none-eabi/12.3.1/../../../../arm-none-eabi/lib/thumb/v7e-m+fp/hard/libg_nano.a(libc_a-nano-vfprintf_i.o)